Archive member included to satisfy reference by file (symbol)

c:/progra~2/gnutoo~1/82019-~1/bin/../lib/gcc/arm-none-eabi/8.3.1/thumb/v6-m/nofp\libgcc.a(_udivsi3.o)
                              CMakeFiles/KURSACH_mini.elf.dir/Drivers/STM32F0xx_HAL_Driver/Src/stm32f0xx_hal.c.obj (__aeabi_uidiv)
c:/progra~2/gnutoo~1/82019-~1/bin/../lib/gcc/arm-none-eabi/8.3.1/thumb/v6-m/nofp\libgcc.a(_dvmd_tls.o)
                              c:/progra~2/gnutoo~1/82019-~1/bin/../lib/gcc/arm-none-eabi/8.3.1/thumb/v6-m/nofp\libgcc.a(_udivsi3.o) (__aeabi_idiv0)
c:/progra~2/gnutoo~1/82019-~1/bin/../lib/gcc/arm-none-eabi/8.3.1/../../../../arm-none-eabi/lib/thumb/v6-m/nofp\libg_nano.a(lib_a-errno.o)
                              CMakeFiles/KURSACH_mini.elf.dir/Src/syscalls.c.obj (__errno)
c:/progra~2/gnutoo~1/82019-~1/bin/../lib/gcc/arm-none-eabi/8.3.1/../../../../arm-none-eabi/lib/thumb/v6-m/nofp\libg_nano.a(lib_a-exit.o)
                              c:/progra~2/gnutoo~1/82019-~1/bin/../lib/gcc/arm-none-eabi/8.3.1/../../../../arm-none-eabi/lib/thumb/v6-m/nofp/crt0.o (exit)
c:/progra~2/gnutoo~1/82019-~1/bin/../lib/gcc/arm-none-eabi/8.3.1/../../../../arm-none-eabi/lib/thumb/v6-m/nofp\libg_nano.a(lib_a-impure.o)
                              c:/progra~2/gnutoo~1/82019-~1/bin/../lib/gcc/arm-none-eabi/8.3.1/../../../../arm-none-eabi/lib/thumb/v6-m/nofp\libg_nano.a(lib_a-exit.o) (_global_impure_ptr)
c:/progra~2/gnutoo~1/82019-~1/bin/../lib/gcc/arm-none-eabi/8.3.1/../../../../arm-none-eabi/lib/thumb/v6-m/nofp\libg_nano.a(lib_a-init.o)
                              c:/progra~2/gnutoo~1/82019-~1/bin/../lib/gcc/arm-none-eabi/8.3.1/../../../../arm-none-eabi/lib/thumb/v6-m/nofp/crt0.o (__libc_init_array)
c:/progra~2/gnutoo~1/82019-~1/bin/../lib/gcc/arm-none-eabi/8.3.1/../../../../arm-none-eabi/lib/thumb/v6-m/nofp\libg_nano.a(lib_a-memcpy-stub.o)
                              CMakeFiles/KURSACH_mini.elf.dir/Src/main.c.obj (memcpy)
c:/progra~2/gnutoo~1/82019-~1/bin/../lib/gcc/arm-none-eabi/8.3.1/../../../../arm-none-eabi/lib/thumb/v6-m/nofp\libg_nano.a(lib_a-memset.o)
                              c:/progra~2/gnutoo~1/82019-~1/bin/../lib/gcc/arm-none-eabi/8.3.1/../../../../arm-none-eabi/lib/thumb/v6-m/nofp/crt0.o (memset)

Discarded input sections

 .text          0x00000000        0x0 c:/progra~2/gnutoo~1/82019-~1/bin/../lib/gcc/arm-none-eabi/8.3.1/thumb/v6-m/nofp/crti.o
 .data          0x00000000        0x0 c:/progra~2/gnutoo~1/82019-~1/bin/../lib/gcc/arm-none-eabi/8.3.1/thumb/v6-m/nofp/crti.o
 .bss           0x00000000        0x0 c:/progra~2/gnutoo~1/82019-~1/bin/../lib/gcc/arm-none-eabi/8.3.1/thumb/v6-m/nofp/crti.o
 .data          0x00000000        0x4 c:/progra~2/gnutoo~1/82019-~1/bin/../lib/gcc/arm-none-eabi/8.3.1/thumb/v6-m/nofp/crtbegin.o
 .text          0x00000000       0x78 c:/progra~2/gnutoo~1/82019-~1/bin/../lib/gcc/arm-none-eabi/8.3.1/../../../../arm-none-eabi/lib/thumb/v6-m/nofp/crt0.o
 .data          0x00000000        0x0 c:/progra~2/gnutoo~1/82019-~1/bin/../lib/gcc/arm-none-eabi/8.3.1/../../../../arm-none-eabi/lib/thumb/v6-m/nofp/crt0.o
 .bss           0x00000000        0x0 c:/progra~2/gnutoo~1/82019-~1/bin/../lib/gcc/arm-none-eabi/8.3.1/../../../../arm-none-eabi/lib/thumb/v6-m/nofp/crt0.o
 .ARM.extab     0x00000000        0x0 c:/progra~2/gnutoo~1/82019-~1/bin/../lib/gcc/arm-none-eabi/8.3.1/../../../../arm-none-eabi/lib/thumb/v6-m/nofp/crt0.o
 .ARM.exidx     0x00000000        0x8 c:/progra~2/gnutoo~1/82019-~1/bin/../lib/gcc/arm-none-eabi/8.3.1/../../../../arm-none-eabi/lib/thumb/v6-m/nofp/crt0.o
 .ARM.attributes
                0x00000000       0x1b c:/progra~2/gnutoo~1/82019-~1/bin/../lib/gcc/arm-none-eabi/8.3.1/../../../../arm-none-eabi/lib/thumb/v6-m/nofp/crt0.o
 .text          0x00000000        0x0 CMakeFiles/KURSACH_mini.elf.dir/Drivers/STM32F0xx_HAL_Driver/Src/stm32f0xx_hal.c.obj
 .data          0x00000000        0x0 CMakeFiles/KURSACH_mini.elf.dir/Drivers/STM32F0xx_HAL_Driver/Src/stm32f0xx_hal.c.obj
 .bss           0x00000000        0x0 CMakeFiles/KURSACH_mini.elf.dir/Drivers/STM32F0xx_HAL_Driver/Src/stm32f0xx_hal.c.obj
 .text.HAL_DeInit
                0x00000000       0x40 CMakeFiles/KURSACH_mini.elf.dir/Drivers/STM32F0xx_HAL_Driver/Src/stm32f0xx_hal.c.obj
 .text.HAL_MspInit
                0x00000000        0xa CMakeFiles/KURSACH_mini.elf.dir/Drivers/STM32F0xx_HAL_Driver/Src/stm32f0xx_hal.c.obj
 .text.HAL_MspDeInit
                0x00000000        0xa CMakeFiles/KURSACH_mini.elf.dir/Drivers/STM32F0xx_HAL_Driver/Src/stm32f0xx_hal.c.obj
 .text.HAL_GetTickPrio
                0x00000000       0x14 CMakeFiles/KURSACH_mini.elf.dir/Drivers/STM32F0xx_HAL_Driver/Src/stm32f0xx_hal.c.obj
 .text.HAL_SetTickFreq
                0x00000000       0x6c CMakeFiles/KURSACH_mini.elf.dir/Drivers/STM32F0xx_HAL_Driver/Src/stm32f0xx_hal.c.obj
 .text.HAL_GetTickFreq
                0x00000000       0x14 CMakeFiles/KURSACH_mini.elf.dir/Drivers/STM32F0xx_HAL_Driver/Src/stm32f0xx_hal.c.obj
 .text.HAL_SuspendTick
[...]
Memory Configuration

Name             Origin             Length             Attributes
RAM              0x20000000         0x00001800         xrw
FLASH            0x08000000         0x00008000         xr
*default*        0x00000000         0xffffffff

Linker script and memory map

LOAD c:/progra~2/gnutoo~1/82019-~1/bin/../lib/gcc/arm-none-eabi/8.3.1/thumb/v6-m/nofp/crti.o
LOAD c:/progra~2/gnutoo~1/82019-~1/bin/../lib/gcc/arm-none-eabi/8.3.1/thumb/v6-m/nofp/crtbegin.o
LOAD c:/progra~2/gnutoo~1/82019-~1/bin/../lib/gcc/arm-none-eabi/8.3.1/../../../../arm-none-eabi/lib/thumb/v6-m/nofp/crt0.o
LOAD CMakeFiles/KURSACH_mini.elf.dir/Drivers/STM32F0xx_HAL_Driver/Src/stm32f0xx_hal.c.obj
LOAD CMakeFiles/KURSACH_mini.elf.dir/Drivers/STM32F0xx_HAL_Driver/Src/stm32f0xx_hal_cortex.c.obj
LOAD CMakeFiles/KURSACH_mini.elf.dir/Drivers/STM32F0xx_HAL_Driver/Src/stm32f0xx_hal_dma.c.obj
LOAD CMakeFiles/KURSACH_mini.elf.dir/Drivers/STM32F0xx_HAL_Driver/Src/stm32f0xx_hal_exti.c.obj
LOAD CMakeFiles/KURSACH_mini.elf.dir/Drivers/STM32F0xx_HAL_Driver/Src/stm32f0xx_hal_flash.c.obj
LOAD CMakeFiles/KURSACH_mini.elf.dir/Drivers/STM32F0xx_HAL_Driver/Src/stm32f0xx_hal_flash_ex.c.obj
LOAD CMakeFiles/KURSACH_mini.elf.dir/Drivers/STM32F0xx_HAL_Driver/Src/stm32f0xx_hal_gpio.c.obj
LOAD CMakeFiles/KURSACH_mini.elf.dir/Drivers/STM32F0xx_HAL_Driver/Src/stm32f0xx_hal_i2c.c.obj
LOAD CMakeFiles/KURSACH_mini.elf.dir/Drivers/STM32F0xx_HAL_Driver/Src/stm32f0xx_hal_i2c_ex.c.obj
LOAD CMakeFiles/KURSACH_mini.elf.dir/Drivers/STM32F0xx_HAL_Driver/Src/stm32f0xx_hal_pcd.c.obj
LOAD CMakeFiles/KURSACH_mini.elf.dir/Drivers/STM32F0xx_HAL_Driver/Src/stm32f0xx_hal_pcd_ex.c.obj
LOAD CMakeFiles/KURSACH_mini.elf.dir/Drivers/STM32F0xx_HAL_Driver/Src/stm32f0xx_hal_pwr.c.obj
LOAD CMakeFiles/KURSACH_mini.elf.dir/Drivers/STM32F0xx_HAL_Driver/Src/stm32f0xx_hal_pwr_ex.c.obj
LOAD CMakeFiles/KURSACH_mini.elf.dir/Drivers/STM32F0xx_HAL_Driver/Src/stm32f0xx_hal_rcc.c.obj
LOAD CMakeFiles/KURSACH_mini.elf.dir/Drivers/STM32F0xx_HAL_Driver/Src/stm32f0xx_hal_rcc_ex.c.obj
LOAD CMakeFiles/KURSACH_mini.elf.dir/Drivers/STM32F0xx_HAL_Driver/Src/stm32f0xx_hal_spi.c.obj
LOAD CMakeFiles/KURSACH_mini.elf.dir/Drivers/STM32F0xx_HAL_Driver/Src/stm32f0xx_hal_spi_ex.c.obj
LOAD CMakeFiles/KURSACH_mini.elf.dir/Drivers/STM32F0xx_HAL_Driver/Src/stm32f0xx_hal_tim.c.obj
LOAD CMakeFiles/KURSACH_mini.elf.dir/Drivers/STM32F0xx_HAL_Driver/Src/stm32f0xx_hal_tim_ex.c.obj
LOAD CMakeFiles/KURSACH_mini.elf.dir/Drivers/STM32F0xx_HAL_Driver/Src/stm32f0xx_ll_usb.c.obj
LOAD CMakeFiles/KURSACH_mini.elf.dir/Middlewares/ST/STM32_USB_Device_Library/Class/CDC/Src/usbd_cdc.c.obj
LOAD CMakeFiles/KURSACH_mini.elf.dir/Middlewares/ST/STM32_USB_Device_Library/Core/Src/usbd_core.c.obj
LOAD CMakeFiles/KURSACH_mini.elf.dir/Middlewares/ST/STM32_USB_Device_Library/Core/Src/usbd_ctlreq.c.obj
LOAD CMakeFiles/KURSACH_mini.elf.dir/Middlewares/ST/STM32_USB_Device_Library/Core/Src/usbd_ioreq.c.obj
LOAD CMakeFiles/KURSACH_mini.elf.dir/Src/main.c.obj
LOAD CMakeFiles/KURSACH_mini.elf.dir/Src/nrf.c.obj
LOAD CMakeFiles/KURSACH_mini.elf.dir/Src/stm32f0xx_hal_msp.c.obj
LOAD CMakeFiles/KURSACH_mini.elf.dir/Src/stm32f0xx_it.c.obj
LOAD CMakeFiles/KURSACH_mini.elf.dir/Src/syscalls.c.obj
LOAD CMakeFiles/KURSACH_mini.elf.dir/Src/system_stm32f0xx.c.obj
LOAD CMakeFiles/KURSACH_mini.elf.dir/Src/usb_device.c.obj
LOAD CMakeFiles/KURSACH_mini.elf.dir/Src/usbd_cdc_if.c.obj
LOAD CMakeFiles/KURSACH_mini.elf.dir/Src/usbd_conf.c.obj
LOAD CMakeFiles/KURSACH_mini.elf.dir/Src/usbd_desc.c.obj
LOAD CMakeFiles/KURSACH_mini.elf.dir/startup/startup_stm32f070x6.s.obj
START GROUP
LOAD c:/progra~2/gnutoo~1/82019-~1/bin/../lib/gcc/arm-none-eabi/8.3.1/thumb/v6-m/nofp\libgcc.a
LOAD c:/progra~2/gnutoo~1/82019-~1/bin/../lib/gcc/arm-none-eabi/8.3.1/../../../../arm-none-eabi/lib/thumb/v6-m/nofp\libg_nano.a
LOAD c:/progra~2/gnutoo~1/82019-~1/bin/../lib/gcc/arm-none-eabi/8.3.1/../../../../arm-none-eabi/lib/thumb/v6-m/nofp\libc_nano.a
END GROUP
START GROUP
LOAD c:/progra~2/gnutoo~1/82019-~1/bin/../lib/gcc/arm-none-eabi/8.3.1/thumb/v6-m/nofp\libgcc.a
LOAD c:/progra~2/gnutoo~1/82019-~1/bin/../lib/gcc/arm-none-eabi/8.3.1/../../../../arm-none-eabi/lib/thumb/v6-m/nofp\libc_nano.a
LOAD c:/progra~2/gnutoo~1/82019-~1/bin/../lib/gcc/arm-none-eabi/8.3.1/../../../../arm-none-eabi/lib/thumb/v6-m/nofp\libnosys.a
END GROUP
START GROUP
LOAD c:/progra~2/gnutoo~1/82019-~1/bin/../lib/gcc/arm-none-eabi/8.3.1/thumb/v6-m/nofp\libgcc.a
LOAD c:/progra~2/gnutoo~1/82019-~1/bin/../lib/gcc/arm-none-eabi/8.3.1/../../../../arm-none-eabi/lib/thumb/v6-m/nofp\libc_nano.a
LOAD c:/progra~2/gnutoo~1/82019-~1/bin/../lib/gcc/arm-none-eabi/8.3.1/../../../../arm-none-eabi/lib/thumb/v6-m/nofp\libnosys.a
END GROUP
LOAD c:/progra~2/gnutoo~1/82019-~1/bin/../lib/gcc/arm-none-eabi/8.3.1/thumb/v6-m/nofp/crtend.o
LOAD c:/progra~2/gnutoo~1/82019-~1/bin/../lib/gcc/arm-none-eabi/8.3.1/thumb/v6-m/nofp/crtn.o
                0x20001800                _estack = 0x20001800
                0x00000100                _Min_Heap_Size = 0x100
                0x00000100                _Min_Stack_Size = 0x100

.isr_vector     0x08000000       0xc0
                0x08000000                . = ALIGN (0x4)
 *(.isr_vector)
 .isr_vector    0x08000000       0xc0 CMakeFiles/KURSACH_mini.elf.dir/startup/startup_stm32f070x6.s.obj
                0x08000000                g_pfnVectors
                0x080000c0                . = ALIGN (0x4)

.text           0x080000c0     0x66e4
                0x080000c0                . = ALIGN (0x4)
 *(.text)
 .text          0x080000c0       0x48 c:/progra~2/gnutoo~1/82019-~1/bin/../lib/gcc/arm-none-eabi/8.3.1/thumb/v6-m/nofp/crtbegin.o
 .text          0x08000108      0x114 c:/progra~2/gnutoo~1/82019-~1/bin/../lib/gcc/arm-none-eabi/8.3.1/thumb/v6-m/nofp\libgcc.a(_udivsi3.o)
                0x08000108                __aeabi_uidiv
                0x08000108                __udivsi3
                0x08000214                __aeabi_uidivmod
 .text          0x0800021c        0x4 c:/progra~2/gnutoo~1/82019-~1/bin/../lib/gcc/arm-none-eabi/8.3.1/thumb/v6-m/nofp\libgcc.a(_dvmd_tls.o)
                0x0800021c                __aeabi_idiv0
                0x0800021c                __aeabi_ldiv0
 *(.text*)
 .text.HAL_Init
                0x08000220       0x28 CMakeFiles/KURSACH_mini.elf.dir/Drivers/STM32F0xx_HAL_Driver/Src/stm32f0xx_hal.c.obj
                0x08000220                HAL_Init
 .text.HAL_InitTick
                0x08000248       0x68 CMakeFiles/KURSACH_mini.elf.dir/Drivers/STM32F0xx_HAL_Driver/Src/stm32f0xx_hal.c.obj
                0x08000248                HAL_InitTick
 .text.HAL_IncTick
                0x080002b0       0x24 CMakeFiles/KURSACH_mini.elf.dir/Drivers/STM32F0xx_HAL_Driver/Src/stm32f0xx_hal.c.obj
                0x080002b0                HAL_IncTick
 .text.HAL_GetTick
                0x080002d4       0x14 CMakeFiles/KURSACH_mini.elf.dir/Drivers/STM32F0xx_HAL_Driver/Src/stm32f0xx_hal.c.obj
                0x080002d4                HAL_GetTick
 .text.HAL_Delay
                0x080002e8       0x44 CMakeFiles/KURSACH_mini.elf.dir/Drivers/STM32F0xx_HAL_Driver/Src/stm32f0xx_hal.c.obj
                0x080002e8                HAL_Delay
 .text.__NVIC_EnableIRQ
                0x0800032c       0x34 CMakeFiles/KURSACH_mini.elf.dir/Drivers/STM32F0xx_HAL_Driver/Src/stm32f0xx_hal_cortex.c.obj
 .text.__NVIC_SetPriority
                0x08000360       0xdc CMakeFiles/KURSACH_mini.elf.dir/Drivers/STM32F0xx_HAL_Driver/Src/stm32f0xx_hal_cortex.c.obj
 .text.SysTick_Config
                0x0800043c       0x48 CMakeFiles/KURSACH_mini.elf.dir/Drivers/STM32F0xx_HAL_Driver/Src/stm32f0xx_hal_cortex.c.obj
 .text.HAL_NVIC_SetPriority
                0x08000484       0x2a CMakeFiles/KURSACH_mini.elf.dir/Drivers/STM32F0xx_HAL_Driver/Src/stm32f0xx_hal_cortex.c.obj
                0x08000484                HAL_NVIC_SetPriority
 .text.HAL_NVIC_EnableIRQ
                0x080004ae       0x20 CMakeFiles/KURSACH_mini.elf.dir/Drivers/STM32F0xx_HAL_Driver/Src/stm32f0xx_hal_cortex.c.obj
                0x080004ae                HAL_NVIC_EnableIRQ
 .text.HAL_SYSTICK_Config
                0x080004ce       0x1a CMakeFiles/KURSACH_mini.elf.dir/Drivers/STM32F0xx_HAL_Driver/Src/stm32f0xx_hal_cortex.c.obj
                0x080004ce                HAL_SYSTICK_Config
 .text.HAL_GPIO_Init
                0x080004e8      0x2e0 CMakeFiles/KURSACH_mini.elf.dir/Drivers/STM32F0xx_HAL_Driver/Src/stm32f0xx_hal_gpio.c.obj
                0x080004e8                HAL_GPIO_Init
 .text.HAL_GPIO_WritePin
                0x080007c8       0x3a CMakeFiles/KURSACH_mini.elf.dir/Drivers/STM32F0xx_HAL_Driver/Src/stm32f0xx_hal_gpio.c.obj
                0x080007c8                HAL_GPIO_WritePin
 .text.HAL_GPIO_TogglePin
                0x08000802       0x36 CMakeFiles/KURSACH_mini.elf.dir/Drivers/STM32F0xx_HAL_Driver/Src/stm32f0xx_hal_gpio.c.obj
                0x08000802                HAL_GPIO_TogglePin
 .text.HAL_PCD_Init
                0x08000838      0x1c8 CMakeFiles/KURSACH_mini.elf.dir/Drivers/STM32F0xx_HAL_Driver/Src/stm32f0xx_hal_pcd.c.obj
                0x08000838                HAL_PCD_Init
 .text.HAL_PCD_Start
                0x08000a00       0x4a CMakeFiles/KURSACH_mini.elf.dir/Drivers/STM32F0xx_HAL_Driver/Src/stm32f0xx_hal_pcd.c.obj
                0x08000a00                HAL_PCD_Start
 *fill*         0x08000a4a        0x2 
 .text.HAL_PCD_IRQHandler
                0x08000a4c      0x310 CMakeFiles/KURSACH_mini.elf.dir/Drivers/STM32F0xx_HAL_Driver/Src/stm32f0xx_hal_pcd.c.obj
                0x08000a4c                HAL_PCD_IRQHandler
 .text.HAL_PCD_SetAddress
                0x08000d5c       0x56 CMakeFiles/KURSACH_mini.elf.dir/Drivers/STM32F0xx_HAL_Driver/Src/stm32f0xx_hal_pcd.c.obj
                0x08000d5c                HAL_PCD_SetAddress
 .text.HAL_PCD_EP_Open
                0x08000db2       0xe4 CMakeFiles/KURSACH_mini.elf.dir/Drivers/STM32F0xx_HAL_Driver/Src/stm32f0xx_hal_pcd.c.obj
                0x08000db2                HAL_PCD_EP_Open
 .text.HAL_PCD_EP_Close
                0x08000e96       0x96 CMakeFiles/KURSACH_mini.elf.dir/Drivers/STM32F0xx_HAL_Driver/Src/stm32f0xx_hal_pcd.c.obj
                0x08000e96                HAL_PCD_EP_Close
 .text.HAL_PCD_EP_Receive
                0x08000f2c       0x82 CMakeFiles/KURSACH_mini.elf.dir/Drivers/STM32F0xx_HAL_Driver/Src/stm32f0xx_hal_pcd.c.obj
                0x08000f2c                HAL_PCD_EP_Receive
 .text.HAL_PCD_EP_GetRxCount
                0x08000fae       0x2a CMakeFiles/KURSACH_mini.elf.dir/Drivers/STM32F0xx_HAL_Driver/Src/stm32f0xx_hal_pcd.c.obj
                0x08000fae                HAL_PCD_EP_GetRxCount
 .text.HAL_PCD_EP_Transmit
                0x08000fd8       0x80 CMakeFiles/KURSACH_mini.elf.dir/Drivers/STM32F0xx_HAL_Driver/Src/stm32f0xx_hal_pcd.c.obj
                0x08000fd8                HAL_PCD_EP_Transmit
 .text.HAL_PCD_EP_SetStall
                0x08001058       0xcc CMakeFiles/KURSACH_mini.elf.dir/Drivers/STM32F0xx_HAL_Driver/Src/stm32f0xx_hal_pcd.c.obj
                0x08001058                HAL_PCD_EP_SetStall
 .text.HAL_PCD_EP_ClrStall
                0x08001124       0xb0 CMakeFiles/KURSACH_mini.elf.dir/Drivers/STM32F0xx_HAL_Driver/Src/stm32f0xx_hal_pcd.c.obj
                0x08001124                HAL_PCD_EP_ClrStall
 .text.PCD_EP_ISR_Handler
                0x080011d4      0x59c CMakeFiles/KURSACH_mini.elf.dir/Drivers/STM32F0xx_HAL_Driver/Src/stm32f0xx_hal_pcd.c.obj
 .text.HAL_PCDEx_PMAConfig
                0x08001770       0x90 CMakeFiles/KURSACH_mini.elf.dir/Drivers/STM32F0xx_HAL_Driver/Src/stm32f0xx_hal_pcd_ex.c.obj
                0x08001770                HAL_PCDEx_PMAConfig
 .text.HAL_PCDEx_ActivateLPM
                0x08001800       0x54 CMakeFiles/KURSACH_mini.elf.dir/Drivers/STM32F0xx_HAL_Driver/Src/stm32f0xx_hal_pcd_ex.c.obj
                0x08001800                HAL_PCDEx_ActivateLPM
 .text.HAL_PCDEx_LPM_Callback
                0x08001854       0x16 CMakeFiles/KURSACH_mini.elf.dir/Drivers/STM32F0xx_HAL_Driver/Src/stm32f0xx_hal_pcd_ex.c.obj
                0x08001854                HAL_PCDEx_LPM_Callback
 *fill*         0x0800186a        0x2 
 .text.HAL_RCC_OscConfig
                0x0800186c      0x63c CMakeFiles/KURSACH_mini.elf.dir/Drivers/STM32F0xx_HAL_Driver/Src/stm32f0xx_hal_rcc.c.obj
                0x0800186c                HAL_RCC_OscConfig
 .text.HAL_RCC_ClockConfig
                0x08001ea8      0x19c CMakeFiles/KURSACH_mini.elf.dir/Drivers/STM32F0xx_HAL_Driver/Src/stm32f0xx_hal_rcc.c.obj
                0x08001ea8                HAL_RCC_ClockConfig
 .text.HAL_RCC_GetSysClockFreq
                0x08002044       0xcc CMakeFiles/KURSACH_mini.elf.dir/Drivers/STM32F0xx_HAL_Driver/Src/stm32f0xx_hal_rcc.c.obj
                0x08002044                HAL_RCC_GetSysClockFreq
 .text.HAL_RCCEx_PeriphCLKConfig
                0x08002110      0x1bc CMakeFiles/KURSACH_mini.elf.dir/Drivers/STM32F0xx_HAL_Driver/Src/stm32f0xx_hal_rcc_ex.c.obj
                0x08002110                HAL_RCCEx_PeriphCLKConfig
 .text.HAL_SPI_Init
                0x080022cc      0x134 CMakeFiles/KURSACH_mini.elf.dir/Drivers/STM32F0xx_HAL_Driver/Src/stm32f0xx_hal_spi.c.obj
                0x080022cc                HAL_SPI_Init
 .text.HAL_SPI_TransmitReceive
                0x08002400      0x474 CMakeFiles/KURSACH_mini.elf.dir/Drivers/STM32F0xx_HAL_Driver/Src/stm32f0xx_hal_spi.c.obj
                0x08002400                HAL_SPI_TransmitReceive
 .text.SPI_WaitFlagStateUntilTimeout
                0x08002874       0xe0 CMakeFiles/KURSACH_mini.elf.dir/Drivers/STM32F0xx_HAL_Driver/Src/stm32f0xx_hal_spi.c.obj
 .text.SPI_WaitFifoStateUntilTimeout
                0x08002954       0xe8 CMakeFiles/KURSACH_mini.elf.dir/Drivers/STM32F0xx_HAL_Driver/Src/stm32f0xx_hal_spi.c.obj
 .text.SPI_EndRxTxTransaction
                0x08002a3c       0x8c CMakeFiles/KURSACH_mini.elf.dir/Drivers/STM32F0xx_HAL_Driver/Src/stm32f0xx_hal_spi.c.obj
 .text.USB_EnableGlobalInt
                0x08002ac8       0x34 CMakeFiles/KURSACH_mini.elf.dir/Drivers/STM32F0xx_HAL_Driver/Src/stm32f0xx_ll_usb.c.obj
                0x08002ac8                USB_EnableGlobalInt
 .text.USB_DisableGlobalInt
                0x08002afc       0x40 CMakeFiles/KURSACH_mini.elf.dir/Drivers/STM32F0xx_HAL_Driver/Src/stm32f0xx_ll_usb.c.obj
                0x08002afc                USB_DisableGlobalInt
 .text.USB_DevInit
                0x08002b3c       0x60 CMakeFiles/KURSACH_mini.elf.dir/Drivers/STM32F0xx_HAL_Driver/Src/stm32f0xx_ll_usb.c.obj
                0x08002b3c                USB_DevInit
 .text.USB_ActivateEndpoint
                0x08002b9c      0x5f0 CMakeFiles/KURSACH_mini.elf.dir/Drivers/STM32F0xx_HAL_Driver/Src/stm32f0xx_ll_usb.c.obj
                0x08002b9c                USB_ActivateEndpoint
 .text.USB_DeactivateEndpoint
                0x0800318c      0x2ec CMakeFiles/KURSACH_mini.elf.dir/Drivers/STM32F0xx_HAL_Driver/Src/stm32f0xx_ll_usb.c.obj
                0x0800318c                USB_DeactivateEndpoint
 .text.USB_EPStartXfer
                0x08003478      0x5a4 CMakeFiles/KURSACH_mini.elf.dir/Drivers/STM32F0xx_HAL_Driver/Src/stm32f0xx_ll_usb.c.obj
                0x08003478                USB_EPStartXfer
 .text.USB_EPSetStall
                0x08003a1c       0x84 CMakeFiles/KURSACH_mini.elf.dir/Drivers/STM32F0xx_HAL_Driver/Src/stm32f0xx_ll_usb.c.obj
                0x08003a1c                USB_EPSetStall
 .text.USB_EPClearStall
                0x08003aa0      0x124 CMakeFiles/KURSACH_mini.elf.dir/Drivers/STM32F0xx_HAL_Driver/Src/stm32f0xx_ll_usb.c.obj
                0x08003aa0                USB_EPClearStall
 .text.USB_SetDevAddress
                0x08003bc4       0x28 CMakeFiles/KURSACH_mini.elf.dir/Drivers/STM32F0xx_HAL_Driver/Src/stm32f0xx_ll_usb.c.obj
                0x08003bc4                USB_SetDevAddress
 .text.USB_DevConnect
                0x08003bec       0x2c CMakeFiles/KURSACH_mini.elf.dir/Drivers/STM32F0xx_HAL_Driver/Src/stm32f0xx_ll_usb.c.obj
                0x08003bec                USB_DevConnect
 .text.USB_ReadInterrupts
                0x08003c18       0x1c CMakeFiles/KURSACH_mini.elf.dir/Drivers/STM32F0xx_HAL_Driver/Src/stm32f0xx_ll_usb.c.obj
                0x08003c18                USB_ReadInterrupts
 .text.USB_EP0_OutStart
                0x08003c34       0x14 CMakeFiles/KURSACH_mini.elf.dir/Drivers/STM32F0xx_HAL_Driver/Src/stm32f0xx_ll_usb.c.obj
                0x08003c34                USB_EP0_OutStart
 .text.USB_WritePMA
                0x08003c48       0x86 CMakeFiles/KURSACH_mini.elf.dir/Drivers/STM32F0xx_HAL_Driver/Src/stm32f0xx_ll_usb.c.obj
                0x08003c48                USB_WritePMA
 .text.USB_ReadPMA
                0x08003cce       0x9e CMakeFiles/KURSACH_mini.elf.dir/Drivers/STM32F0xx_HAL_Driver/Src/stm32f0xx_ll_usb.c.obj
                0x08003cce                USB_ReadPMA
 .text.USBD_CDC_Init
                0x08003d6c      0x118 CMakeFiles/KURSACH_mini.elf.dir/Middlewares/ST/STM32_USB_Device_Library/Class/CDC/Src/usbd_cdc.c.obj
 .text.USBD_CDC_DeInit
                0x08003e84       0x88 CMakeFiles/KURSACH_mini.elf.dir/Middlewares/ST/STM32_USB_Device_Library/Class/CDC/Src/usbd_cdc.c.obj
 .text.USBD_CDC_Setup
                0x08003f0c      0x18c CMakeFiles/KURSACH_mini.elf.dir/Middlewares/ST/STM32_USB_Device_Library/Class/CDC/Src/usbd_cdc.c.obj
 .text.USBD_CDC_DataIn
                0x08004098       0xb0 CMakeFiles/KURSACH_mini.elf.dir/Middlewares/ST/STM32_USB_Device_Library/Class/CDC/Src/usbd_cdc.c.obj
 .text.USBD_CDC_DataOut
                0x08004148       0x6a CMakeFiles/KURSACH_mini.elf.dir/Middlewares/ST/STM32_USB_Device_Library/Class/CDC/Src/usbd_cdc.c.obj
 *fill*         0x080041b2        0x2 
 .text.USBD_CDC_EP0_RxReady
                0x080041b4       0x64 CMakeFiles/KURSACH_mini.elf.dir/Middlewares/ST/STM32_USB_Device_Library/Class/CDC/Src/usbd_cdc.c.obj
 .text.USBD_CDC_GetFSCfgDesc
                0x08004218       0x1c CMakeFiles/KURSACH_mini.elf.dir/Middlewares/ST/STM32_USB_Device_Library/Class/CDC/Src/usbd_cdc.c.obj
 .text.USBD_CDC_GetHSCfgDesc
                0x08004234       0x1c CMakeFiles/KURSACH_mini.elf.dir/Middlewares/ST/STM32_USB_Device_Library/Class/CDC/Src/usbd_cdc.c.obj
 .text.USBD_CDC_GetOtherSpeedCfgDesc
                0x08004250       0x1c CMakeFiles/KURSACH_mini.elf.dir/Middlewares/ST/STM32_USB_Device_Library/Class/CDC/Src/usbd_cdc.c.obj
 .text.USBD_CDC_GetDeviceQualifierDescriptor
                0x0800426c       0x1c CMakeFiles/KURSACH_mini.elf.dir/Middlewares/ST/STM32_USB_Device_Library/Class/CDC/Src/usbd_cdc.c.obj
                0x0800426c                USBD_CDC_GetDeviceQualifierDescriptor
 .text.USBD_CDC_RegisterInterface
                0x08004288       0x36 CMakeFiles/KURSACH_mini.elf.dir/Middlewares/ST/STM32_USB_Device_Library/Class/CDC/Src/usbd_cdc.c.obj
                0x08004288                USBD_CDC_RegisterInterface
 .text.USBD_CDC_SetTxBuffer
                0x080042be       0x38 CMakeFiles/KURSACH_mini.elf.dir/Middlewares/ST/STM32_USB_Device_Library/Class/CDC/Src/usbd_cdc.c.obj
                0x080042be                USBD_CDC_SetTxBuffer
 .text.USBD_CDC_SetRxBuffer
                0x080042f6       0x28 CMakeFiles/KURSACH_mini.elf.dir/Middlewares/ST/STM32_USB_Device_Library/Class/CDC/Src/usbd_cdc.c.obj
                0x080042f6                USBD_CDC_SetRxBuffer
 .text.USBD_CDC_ReceivePacket
                0x0800431e       0x5c CMakeFiles/KURSACH_mini.elf.dir/Middlewares/ST/STM32_USB_Device_Library/Class/CDC/Src/usbd_cdc.c.obj
                0x0800431e                USBD_CDC_ReceivePacket
 .text.USBD_Init
                0x0800437a       0x62 CMakeFiles/KURSACH_mini.elf.dir/Middlewares/ST/STM32_USB_Device_Library/Core/Src/usbd_core.c.obj
                0x0800437a                USBD_Init
 .text.USBD_RegisterClass
                0x080043dc       0x40 CMakeFiles/KURSACH_mini.elf.dir/Middlewares/ST/STM32_USB_Device_Library/Core/Src/usbd_core.c.obj
                0x080043dc                USBD_RegisterClass
 .text.USBD_Start
                0x0800441c       0x1a CMakeFiles/KURSACH_mini.elf.dir/Middlewares/ST/STM32_USB_Device_Library/Core/Src/usbd_core.c.obj
                0x0800441c                USBD_Start
 .text.USBD_RunTestMode
                0x08004436       0x12 CMakeFiles/KURSACH_mini.elf.dir/Middlewares/ST/STM32_USB_Device_Library/Core/Src/usbd_core.c.obj
                0x08004436                USBD_RunTestMode
 .text.USBD_SetClassConfig
                0x08004448       0x4e CMakeFiles/KURSACH_mini.elf.dir/Middlewares/ST/STM32_USB_Device_Library/Core/Src/usbd_core.c.obj
                0x08004448                USBD_SetClassConfig
 .text.USBD_ClrClassConfig
                0x08004496       0x2c CMakeFiles/KURSACH_mini.elf.dir/Middlewares/ST/STM32_USB_Device_Library/Core/Src/usbd_core.c.obj
                0x08004496                USBD_ClrClassConfig
 *fill*         0x080044c2        0x2 
 .text.USBD_LL_SetupStage
                0x080044c4       0xb8 CMakeFiles/KURSACH_mini.elf.dir/Middlewares/ST/STM32_USB_Device_Library/Core/Src/usbd_core.c.obj
                0x080044c4                USBD_LL_SetupStage
 .text.USBD_LL_DataOutStage
                0x0800457c      0x104 CMakeFiles/KURSACH_mini.elf.dir/Middlewares/ST/STM32_USB_Device_Library/Core/Src/usbd_core.c.obj
                0x0800457c                USBD_LL_DataOutStage
 .text.USBD_LL_DataInStage
                0x08004680      0x17a CMakeFiles/KURSACH_mini.elf.dir/Middlewares/ST/STM32_USB_Device_Library/Core/Src/usbd_core.c.obj
                0x08004680                USBD_LL_DataInStage
 .text.USBD_LL_Reset
                0x080047fa       0x90 CMakeFiles/KURSACH_mini.elf.dir/Middlewares/ST/STM32_USB_Device_Library/Core/Src/usbd_core.c.obj
                0x080047fa                USBD_LL_Reset
 .text.USBD_LL_SetSpeed
                0x0800488a       0x20 CMakeFiles/KURSACH_mini.elf.dir/Middlewares/ST/STM32_USB_Device_Library/Core/Src/usbd_core.c.obj
                0x0800488a                USBD_LL_SetSpeed
 *fill*         0x080048aa        0x2 
 .text.USBD_LL_Suspend
                0x080048ac       0x30 CMakeFiles/KURSACH_mini.elf.dir/Middlewares/ST/STM32_USB_Device_Library/Core/Src/usbd_core.c.obj
                0x080048ac                USBD_LL_Suspend
 .text.USBD_LL_Resume
                0x080048dc       0x30 CMakeFiles/KURSACH_mini.elf.dir/Middlewares/ST/STM32_USB_Device_Library/Core/Src/usbd_core.c.obj
                0x080048dc                USBD_LL_Resume
 .text.USBD_LL_SOF
                0x0800490c       0x3c CMakeFiles/KURSACH_mini.elf.dir/Middlewares/ST/STM32_USB_Device_Library/Core/Src/usbd_core.c.obj
                0x0800490c                USBD_LL_SOF
 .text.USBD_StdDevReq
                0x08004948       0xe4 CMakeFiles/KURSACH_mini.elf.dir/Middlewares/ST/STM32_USB_Device_Library/Core/Src/usbd_ctlreq.c.obj
                0x08004948                USBD_StdDevReq
 .text.USBD_StdItfReq
                0x08004a2c       0xac CMakeFiles/KURSACH_mini.elf.dir/Middlewares/ST/STM32_USB_Device_Library/Core/Src/usbd_ctlreq.c.obj
                0x08004a2c                USBD_StdItfReq
 .text.USBD_StdEPReq
                0x08004ad8      0x364 CMakeFiles/KURSACH_mini.elf.dir/Middlewares/ST/STM32_USB_Device_Library/Core/Src/usbd_ctlreq.c.obj
                0x08004ad8                USBD_StdEPReq
 .text.USBD_GetDescriptor
                0x08004e3c      0x364 CMakeFiles/KURSACH_mini.elf.dir/Middlewares/ST/STM32_USB_Device_Library/Core/Src/usbd_ctlreq.c.obj
 .text.USBD_SetAddress
                0x080051a0       0xa8 CMakeFiles/KURSACH_mini.elf.dir/Middlewares/ST/STM32_USB_Device_Library/Core/Src/usbd_ctlreq.c.obj
 .text.USBD_SetConfig
                0x08005248      0x148 CMakeFiles/KURSACH_mini.elf.dir/Middlewares/ST/STM32_USB_Device_Library/Core/Src/usbd_ctlreq.c.obj
 .text.USBD_GetConfig
                0x08005390       0x74 CMakeFiles/KURSACH_mini.elf.dir/Middlewares/ST/STM32_USB_Device_Library/Core/Src/usbd_ctlreq.c.obj
 .text.USBD_GetStatus
                0x08005404       0x74 CMakeFiles/KURSACH_mini.elf.dir/Middlewares/ST/STM32_USB_Device_Library/Core/Src/usbd_ctlreq.c.obj
 .text.USBD_SetFeature
                0x08005478       0x2c CMakeFiles/KURSACH_mini.elf.dir/Middlewares/ST/STM32_USB_Device_Library/Core/Src/usbd_ctlreq.c.obj
 .text.USBD_ClrFeature
                0x080054a4       0x4c CMakeFiles/KURSACH_mini.elf.dir/Middlewares/ST/STM32_USB_Device_Library/Core/Src/usbd_ctlreq.c.obj
 .text.USBD_ParseSetupRequest
                0x080054f0       0x76 CMakeFiles/KURSACH_mini.elf.dir/Middlewares/ST/STM32_USB_Device_Library/Core/Src/usbd_ctlreq.c.obj
                0x080054f0                USBD_ParseSetupRequest
 .text.USBD_CtlError
                0x08005566       0x26 CMakeFiles/KURSACH_mini.elf.dir/Middlewares/ST/STM32_USB_Device_Library/Core/Src/usbd_ctlreq.c.obj
                0x08005566                USBD_CtlError
 .text.USBD_GetString
                0x0800558c       0x9c CMakeFiles/KURSACH_mini.elf.dir/Middlewares/ST/STM32_USB_Device_Library/Core/Src/usbd_ctlreq.c.obj
                0x0800558c                USBD_GetString
 .text.USBD_GetLen
                0x08005628       0x3a CMakeFiles/KURSACH_mini.elf.dir/Middlewares/ST/STM32_USB_Device_Library/Core/Src/usbd_ctlreq.c.obj
 .text.USBD_CtlSendData
                0x08005662       0x40 CMakeFiles/KURSACH_mini.elf.dir/Middlewares/ST/STM32_USB_Device_Library/Core/Src/usbd_ioreq.c.obj
                0x08005662                USBD_CtlSendData
 .text.USBD_CtlContinueSendData
                0x080056a2       0x26 CMakeFiles/KURSACH_mini.elf.dir/Middlewares/ST/STM32_USB_Device_Library/Core/Src/usbd_ioreq.c.obj
                0x080056a2                USBD_CtlContinueSendData
 .text.USBD_CtlPrepareRx
                0x080056c8       0x48 CMakeFiles/KURSACH_mini.elf.dir/Middlewares/ST/STM32_USB_Device_Library/Core/Src/usbd_ioreq.c.obj
                0x080056c8                USBD_CtlPrepareRx
 .text.USBD_CtlContinueRx
                0x08005710       0x26 CMakeFiles/KURSACH_mini.elf.dir/Middlewares/ST/STM32_USB_Device_Library/Core/Src/usbd_ioreq.c.obj
                0x08005710                USBD_CtlContinueRx
 .text.USBD_CtlSendStatus
                0x08005736       0x28 CMakeFiles/KURSACH_mini.elf.dir/Middlewares/ST/STM32_USB_Device_Library/Core/Src/usbd_ioreq.c.obj
                0x08005736                USBD_CtlSendStatus
 .text.USBD_CtlReceiveStatus
                0x0800575e       0x28 CMakeFiles/KURSACH_mini.elf.dir/Middlewares/ST/STM32_USB_Device_Library/Core/Src/usbd_ioreq.c.obj
                0x0800575e                USBD_CtlReceiveStatus
 *fill*         0x08005786        0x2 
 .text.DWT_Init
                0x08005788       0x2c CMakeFiles/KURSACH_mini.elf.dir/Src/main.c.obj
                0x08005788                DWT_Init
 .text.delay_us
                0x080057b4       0x44 CMakeFiles/KURSACH_mini.elf.dir/Src/main.c.obj
                0x080057b4                delay_us
 .text.csn      0x080057f8       0x2a CMakeFiles/KURSACH_mini.elf.dir/Src/main.c.obj
                0x080057f8                csn
 *fill*         0x08005822        0x2 
 .text.read_register
                0x08005824       0x64 CMakeFiles/KURSACH_mini.elf.dir/Src/main.c.obj
                0x08005824                read_register
 .text.isChipConnected
                0x08005888       0x30 CMakeFiles/KURSACH_mini.elf.dir/Src/main.c.obj
                0x08005888                isChipConnected
 .text.main     0x080058b8       0xa4 CMakeFiles/KURSACH_mini.elf.dir/Src/main.c.obj
                0x080058b8                main
 .text.SystemClock_Config
                0x0800595c       0xc0 CMakeFiles/KURSACH_mini.elf.dir/Src/main.c.obj
                0x0800595c                SystemClock_Config
 .text.MX_SPI1_Init
                0x08005a1c       0x7c CMakeFiles/KURSACH_mini.elf.dir/Src/main.c.obj
 .text.MX_GPIO_Init
                0x08005a98       0x90 CMakeFiles/KURSACH_mini.elf.dir/Src/main.c.obj
 .text.Error_Handler
                0x08005b28       0x40 CMakeFiles/KURSACH_mini.elf.dir/Src/main.c.obj
                0x08005b28                Error_Handler
 .text.HAL_MspInit
                0x08005b68       0x58 CMakeFiles/KURSACH_mini.elf.dir/Src/stm32f0xx_hal_msp.c.obj
                0x08005b68                HAL_MspInit
 .text.HAL_SPI_MspInit
                0x08005bc0       0x98 CMakeFiles/KURSACH_mini.elf.dir/Src/stm32f0xx_hal_msp.c.obj
                0x08005bc0                HAL_SPI_MspInit
 .text.NMI_Handler
                0x08005c58        0xa CMakeFiles/KURSACH_mini.elf.dir/Src/stm32f0xx_it.c.obj
                0x08005c58                NMI_Handler
 .text.HardFault_Handler
                0x08005c62        0x6 CMakeFiles/KURSACH_mini.elf.dir/Src/stm32f0xx_it.c.obj
                0x08005c62                HardFault_Handler
 .text.SVC_Handler
                0x08005c68        0xa CMakeFiles/KURSACH_mini.elf.dir/Src/stm32f0xx_it.c.obj
                0x08005c68                SVC_Handler
 .text.PendSV_Handler
                0x08005c72        0xa CMakeFiles/KURSACH_mini.elf.dir/Src/stm32f0xx_it.c.obj
                0x08005c72                PendSV_Handler
 .text.SysTick_Handler
                0x08005c7c        0xe CMakeFiles/KURSACH_mini.elf.dir/Src/stm32f0xx_it.c.obj
                0x08005c7c                SysTick_Handler
 *fill*         0x08005c8a        0x2 
 .text.USB_IRQHandler
                0x08005c8c       0x18 CMakeFiles/KURSACH_mini.elf.dir/Src/stm32f0xx_it.c.obj
                0x08005c8c                USB_IRQHandler
 .text.SystemInit
                0x08005ca4        0xa CMakeFiles/KURSACH_mini.elf.dir/Src/system_stm32f0xx.c.obj
                0x08005ca4                SystemInit
 *fill*         0x08005cae        0x2 
 .text.MX_USB_DEVICE_Init
                0x08005cb0       0x68 CMakeFiles/KURSACH_mini.elf.dir/Src/usb_device.c.obj
                0x08005cb0                MX_USB_DEVICE_Init
 .text.CDC_Init_FS
                0x08005d18       0x30 CMakeFiles/KURSACH_mini.elf.dir/Src/usbd_cdc_if.c.obj
 .text.CDC_DeInit_FS
                0x08005d48        0xc CMakeFiles/KURSACH_mini.elf.dir/Src/usbd_cdc_if.c.obj
 .text.CDC_Control_FS
                0x08005d54       0x38 CMakeFiles/KURSACH_mini.elf.dir/Src/usbd_cdc_if.c.obj
 .text.CDC_Receive_FS
                0x08005d8c       0x2c CMakeFiles/KURSACH_mini.elf.dir/Src/usbd_cdc_if.c.obj
 .text.HAL_PCD_MspInit
                0x08005db8       0x50 CMakeFiles/KURSACH_mini.elf.dir/Src/usbd_conf.c.obj
                0x08005db8                HAL_PCD_MspInit
 .text.HAL_PCD_SetupStageCallback
                0x08005e08       0x2a CMakeFiles/KURSACH_mini.elf.dir/Src/usbd_conf.c.obj
                0x08005e08                HAL_PCD_SetupStageCallback
 .text.HAL_PCD_DataOutStageCallback
                0x08005e32       0x3a CMakeFiles/KURSACH_mini.elf.dir/Src/usbd_conf.c.obj
                0x08005e32                HAL_PCD_DataOutStageCallback
 .text.HAL_PCD_DataInStageCallback
                0x08005e6c       0x36 CMakeFiles/KURSACH_mini.elf.dir/Src/usbd_conf.c.obj
                0x08005e6c                HAL_PCD_DataInStageCallback
 .text.HAL_PCD_SOFCallback
                0x08005ea2       0x1e CMakeFiles/KURSACH_mini.elf.dir/Src/usbd_conf.c.obj
                0x08005ea2                HAL_PCD_SOFCallback
 .text.HAL_PCD_ResetCallback
                0x08005ec0       0x48 CMakeFiles/KURSACH_mini.elf.dir/Src/usbd_conf.c.obj
                0x08005ec0                HAL_PCD_ResetCallback
 .text.HAL_PCD_SuspendCallback
                0x08005f08       0x38 CMakeFiles/KURSACH_mini.elf.dir/Src/usbd_conf.c.obj
                0x08005f08                HAL_PCD_SuspendCallback
 .text.HAL_PCD_ResumeCallback
                0x08005f40       0x3c CMakeFiles/KURSACH_mini.elf.dir/Src/usbd_conf.c.obj
                0x08005f40                HAL_PCD_ResumeCallback
 .text.USBD_LL_Init
                0x08005f7c       0xc8 CMakeFiles/KURSACH_mini.elf.dir/Src/usbd_conf.c.obj
                0x08005f7c                USBD_LL_Init
 .text.USBD_LL_Start
                0x08006044       0x4a CMakeFiles/KURSACH_mini.elf.dir/Src/usbd_conf.c.obj
                0x08006044                USBD_LL_Start
 .text.USBD_LL_OpenEP
                0x0800608e       0x6e CMakeFiles/KURSACH_mini.elf.dir/Src/usbd_conf.c.obj
                0x0800608e                USBD_LL_OpenEP
 .text.USBD_LL_CloseEP
                0x080060fc       0x56 CMakeFiles/KURSACH_mini.elf.dir/Src/usbd_conf.c.obj
                0x080060fc                USBD_LL_CloseEP
 .text.USBD_LL_StallEP
                0x08006152       0x56 CMakeFiles/KURSACH_mini.elf.dir/Src/usbd_conf.c.obj
                0x08006152                USBD_LL_StallEP
 .text.USBD_LL_ClearStallEP
                0x080061a8       0x56 CMakeFiles/KURSACH_mini.elf.dir/Src/usbd_conf.c.obj
                0x080061a8                USBD_LL_ClearStallEP
 .text.USBD_LL_IsStallEP
                0x080061fe       0x56 CMakeFiles/KURSACH_mini.elf.dir/Src/usbd_conf.c.obj
                0x080061fe                USBD_LL_IsStallEP
 .text.USBD_LL_SetUSBAddress
                0x08006254       0x56 CMakeFiles/KURSACH_mini.elf.dir/Src/usbd_conf.c.obj
                0x08006254                USBD_LL_SetUSBAddress
 .text.USBD_LL_Transmit
                0x080062aa       0x6e CMakeFiles/KURSACH_mini.elf.dir/Src/usbd_conf.c.obj
                0x080062aa                USBD_LL_Transmit
 .text.USBD_LL_PrepareReceive
                0x08006318       0x6e CMakeFiles/KURSACH_mini.elf.dir/Src/usbd_conf.c.obj
                0x08006318                USBD_LL_PrepareReceive
 .text.USBD_LL_GetRxDataSize
                0x08006386       0x2c CMakeFiles/KURSACH_mini.elf.dir/Src/usbd_conf.c.obj
                0x08006386                USBD_LL_GetRxDataSize
 *fill*         0x080063b2        0x2 
 .text.USBD_static_malloc
                0x080063b4       0x18 CMakeFiles/KURSACH_mini.elf.dir/Src/usbd_conf.c.obj
                0x080063b4                USBD_static_malloc
 .text.USBD_static_free
                0x080063cc       0x10 CMakeFiles/KURSACH_mini.elf.dir/Src/usbd_conf.c.obj
                0x080063cc                USBD_static_free
 .text.SystemClockConfig_Resume
                0x080063dc        0xe CMakeFiles/KURSACH_mini.elf.dir/Src/usbd_conf.c.obj
 .text.USBD_Get_USB_Status
                0x080063ea       0x6e CMakeFiles/KURSACH_mini.elf.dir/Src/usbd_conf.c.obj
 .text.USBD_FS_DeviceDescriptor
                0x08006458       0x24 CMakeFiles/KURSACH_mini.elf.dir/Src/usbd_desc.c.obj
                0x08006458                USBD_FS_DeviceDescriptor
 .text.USBD_FS_LangIDStrDescriptor
                0x0800647c       0x24 CMakeFiles/KURSACH_mini.elf.dir/Src/usbd_desc.c.obj
                0x0800647c                USBD_FS_LangIDStrDescriptor
 .text.USBD_FS_ProductStrDescriptor
                0x080064a0       0x44 CMakeFiles/KURSACH_mini.elf.dir/Src/usbd_desc.c.obj
                0x080064a0                USBD_FS_ProductStrDescriptor
 .text.USBD_FS_ManufacturerStrDescriptor
                0x080064e4       0x2c CMakeFiles/KURSACH_mini.elf.dir/Src/usbd_desc.c.obj
                0x080064e4                USBD_FS_ManufacturerStrDescriptor
 .text.USBD_FS_SerialStrDescriptor
                0x08006510       0x28 CMakeFiles/KURSACH_mini.elf.dir/Src/usbd_desc.c.obj
                0x08006510                USBD_FS_SerialStrDescriptor
 .text.USBD_FS_ConfigStrDescriptor
                0x08006538       0x44 CMakeFiles/KURSACH_mini.elf.dir/Src/usbd_desc.c.obj
                0x08006538                USBD_FS_ConfigStrDescriptor
 .text.USBD_FS_InterfaceStrDescriptor
                0x0800657c       0x44 CMakeFiles/KURSACH_mini.elf.dir/Src/usbd_desc.c.obj
                0x0800657c                USBD_FS_InterfaceStrDescriptor
 .text.Get_SerialNum
                0x080065c0       0x5c CMakeFiles/KURSACH_mini.elf.dir/Src/usbd_desc.c.obj
 .text.IntToUnicode
                0x0800661c       0x94 CMakeFiles/KURSACH_mini.elf.dir/Src/usbd_desc.c.obj
 .text.Reset_Handler
                0x080066b0       0x80 CMakeFiles/KURSACH_mini.elf.dir/startup/startup_stm32f070x6.s.obj
                0x080066b0                Reset_Handler
 .text.Default_Handler
                0x08006730        0x2 CMakeFiles/KURSACH_mini.elf.dir/startup/startup_stm32f070x6.s.obj
                0x08006730                TIM1_CC_IRQHandler
                0x08006730                I2C1_IRQHandler
                0x08006730                SPI1_IRQHandler
                0x08006730                EXTI2_3_IRQHandler
                0x08006730                ADC1_IRQHandler
                0x08006730                TIM17_IRQHandler
                0x08006730                RTC_IRQHandler
                0x08006730                TIM16_IRQHandler
                0x08006730                TIM3_IRQHandler
                0x08006730                EXTI4_15_IRQHandler
                0x08006730                RCC_IRQHandler
                0x08006730                DMA1_Channel1_IRQHandler
                0x08006730                Default_Handler
                0x08006730                TIM14_IRQHandler
                0x08006730                DMA1_Channel4_5_IRQHandler
                0x08006730                EXTI0_1_IRQHandler
                0x08006730                WWDG_IRQHandler
                0x08006730                DMA1_Channel2_3_IRQHandler
                0x08006730                USART2_IRQHandler
                0x08006730                FLASH_IRQHandler
                0x08006730                USART1_IRQHandler
                0x08006730                TIM1_BRK_UP_TRG_COM_IRQHandler
 *fill*         0x08006732        0x2 
 .text.__libc_init_array
                0x08006734       0x48 c:/progra~2/gnutoo~1/82019-~1/bin/../lib/gcc/arm-none-eabi/8.3.1/../../../../arm-none-eabi/lib/thumb/v6-m/nofp\libg_nano.a(lib_a-init.o)
                0x08006734                __libc_init_array
 .text.memset   0x0800677c       0x10 c:/progra~2/gnutoo~1/82019-~1/bin/../lib/gcc/arm-none-eabi/8.3.1/../../../../arm-none-eabi/lib/thumb/v6-m/nofp\libg_nano.a(lib_a-memset.o)
                0x0800677c                memset
 *(.glue_7)
 .glue_7        0x0800678c        0x0 linker stubs
 *(.glue_7t)
 .glue_7t       0x0800678c        0x0 linker stubs
 *(.eh_frame)
 .eh_frame      0x0800678c        0x0 c:/progra~2/gnutoo~1/82019-~1/bin/../lib/gcc/arm-none-eabi/8.3.1/thumb/v6-m/nofp/crtbegin.o
 *(.init)
 .init          0x0800678c        0x4 c:/progra~2/gnutoo~1/82019-~1/bin/../lib/gcc/arm-none-eabi/8.3.1/thumb/v6-m/nofp/crti.o
                0x0800678c                _init
 .init          0x08006790        0x8 c:/progra~2/gnutoo~1/82019-~1/bin/../lib/gcc/arm-none-eabi/8.3.1/thumb/v6-m/nofp/crtn.o
 *(.fini)
 .fini          0x08006798        0x4 c:/progra~2/gnutoo~1/82019-~1/bin/../lib/gcc/arm-none-eabi/8.3.1/thumb/v6-m/nofp/crti.o
                0x08006798                _fini
 .fini          0x0800679c        0x8 c:/progra~2/gnutoo~1/82019-~1/bin/../lib/gcc/arm-none-eabi/8.3.1/thumb/v6-m/nofp/crtn.o
                0x080067a4                . = ALIGN (0x4)
                0x080067a4                _etext = .

.vfp11_veneer   0x080067a4        0x0
 .vfp11_veneer  0x080067a4        0x0 linker stubs

.v4_bx          0x080067a4        0x0
 .v4_bx         0x080067a4        0x0 linker stubs

.iplt           0x080067a4        0x0
 .iplt          0x080067a4        0x0 c:/progra~2/gnutoo~1/82019-~1/bin/../lib/gcc/arm-none-eabi/8.3.1/thumb/v6-m/nofp/crtbegin.o

.rodata         0x080067a4      0x168
                0x080067a4                . = ALIGN (0x4)
 *(.rodata)
 .rodata        0x080067a4       0x20 CMakeFiles/KURSACH_mini.elf.dir/Drivers/STM32F0xx_HAL_Driver/Src/stm32f0xx_hal_rcc.c.obj
 .rodata        0x080067c4       0x46 CMakeFiles/KURSACH_mini.elf.dir/Src/usbd_desc.c.obj
 *(.rodata*)
 *fill*         0x0800680a        0x2 
 .rodata.USBD_StdDevReq
                0x0800680c       0x28 CMakeFiles/KURSACH_mini.elf.dir/Middlewares/ST/STM32_USB_Device_Library/Core/Src/usbd_ctlreq.c.obj
 .rodata.USBD_GetDescriptor
                0x08006834       0x38 CMakeFiles/KURSACH_mini.elf.dir/Middlewares/ST/STM32_USB_Device_Library/Core/Src/usbd_ctlreq.c.obj
 .rodata.AHBPrescTable
                0x0800686c       0x10 CMakeFiles/KURSACH_mini.elf.dir/Src/system_stm32f0xx.c.obj
                0x0800686c                AHBPrescTable
 .rodata.CDC_Control_FS
                0x0800687c       0x90 CMakeFiles/KURSACH_mini.elf.dir/Src/usbd_cdc_if.c.obj
                0x0800690c                . = ALIGN (0x4)

.rel.dyn        0x0800690c        0x0
 .rel.iplt      0x0800690c        0x0 c:/progra~2/gnutoo~1/82019-~1/bin/../lib/gcc/arm-none-eabi/8.3.1/thumb/v6-m/nofp/crtbegin.o

.ARM.extab
 *(.ARM.extab* .gnu.linkonce.armextab.*)

.ARM            0x0800690c        0x0
                0x0800690c                __exidx_start = .
 *(.ARM.exidx*)
                0x0800690c                __exidx_end = .

.preinit_array  0x0800690c        0x0
                0x0800690c                PROVIDE (__preinit_array_start = .)
 *(.preinit_array*)
                0x0800690c                PROVIDE (__preinit_array_end = .)

.init_array     0x0800690c        0x4
                0x0800690c                PROVIDE (__init_array_start = .)
 *(SORT_BY_NAME(.init_array.*))
 *(.init_array*)
 .init_array    0x0800690c        0x4 c:/progra~2/gnutoo~1/82019-~1/bin/../lib/gcc/arm-none-eabi/8.3.1/thumb/v6-m/nofp/crtbegin.o
                0x08006910                PROVIDE (__init_array_end = .)

.fini_array     0x08006910        0x4
                [!provide]                PROVIDE (__fini_array_start = .)
 *(SORT_BY_NAME(.fini_array.*))
 *(.fini_array*)
 .fini_array    0x08006910        0x4 c:/progra~2/gnutoo~1/82019-~1/bin/../lib/gcc/arm-none-eabi/8.3.1/thumb/v6-m/nofp/crtbegin.o
                [!provide]                PROVIDE (__fini_array_end = .)
                0x08006914                _sidata = LOADADDR (.data)

.data           0x20000000      0x17c load address 0x08006914
                0x20000000                . = ALIGN (0x4)
                0x20000000                _sdata = .
 *(.data)
 *(.data*)
 .data.uwTickPrio
                0x20000000        0x4 CMakeFiles/KURSACH_mini.elf.dir/Drivers/STM32F0xx_HAL_Driver/Src/stm32f0xx_hal.c.obj
                0x20000000                uwTickPrio
 .data.uwTickFreq
                0x20000004        0x1 CMakeFiles/KURSACH_mini.elf.dir/Drivers/STM32F0xx_HAL_Driver/Src/stm32f0xx_hal.c.obj
                0x20000004                uwTickFreq
 *fill*         0x20000005        0x3 
 .data.USBD_CDC_DeviceQualifierDesc
                0x20000008        0xa CMakeFiles/KURSACH_mini.elf.dir/Middlewares/ST/STM32_USB_Device_Library/Class/CDC/Src/usbd_cdc.c.obj
 *fill*         0x20000012        0x2 
 .data.USBD_CDC
                0x20000014       0x38 CMakeFiles/KURSACH_mini.elf.dir/Middlewares/ST/STM32_USB_Device_Library/Class/CDC/Src/usbd_cdc.c.obj
                0x20000014                USBD_CDC
 .data.USBD_CDC_CfgHSDesc
                0x2000004c       0x43 CMakeFiles/KURSACH_mini.elf.dir/Middlewares/ST/STM32_USB_Device_Library/Class/CDC/Src/usbd_cdc.c.obj
                0x2000004c                USBD_CDC_CfgHSDesc
 *fill*         0x2000008f        0x1 
 .data.USBD_CDC_CfgFSDesc
                0x20000090       0x43 CMakeFiles/KURSACH_mini.elf.dir/Middlewares/ST/STM32_USB_Device_Library/Class/CDC/Src/usbd_cdc.c.obj
                0x20000090                USBD_CDC_CfgFSDesc
 *fill*         0x200000d3        0x1 
 .data.USBD_CDC_OtherSpeedCfgDesc
                0x200000d4       0x43 CMakeFiles/KURSACH_mini.elf.dir/Middlewares/ST/STM32_USB_Device_Library/Class/CDC/Src/usbd_cdc.c.obj
                0x200000d4                USBD_CDC_OtherSpeedCfgDesc
 *fill*         0x20000117        0x1 
 .data.SystemCoreClock
                0x20000118        0x4 CMakeFiles/KURSACH_mini.elf.dir/Src/system_stm32f0xx.c.obj
                0x20000118                SystemCoreClock
 .data.USBD_Interface_fops_FS
                0x2000011c       0x10 CMakeFiles/KURSACH_mini.elf.dir/Src/usbd_cdc_if.c.obj
                0x2000011c                USBD_Interface_fops_FS
 .data.FS_Desc  0x2000012c       0x1c CMakeFiles/KURSACH_mini.elf.dir/Src/usbd_desc.c.obj
                0x2000012c                FS_Desc
 .data.USBD_FS_DeviceDesc
                0x20000148       0x12 CMakeFiles/KURSACH_mini.elf.dir/Src/usbd_desc.c.obj
                0x20000148                USBD_FS_DeviceDesc
 *fill*         0x2000015a        0x2 
 .data.USBD_LangIDDesc
                0x2000015c        0x4 CMakeFiles/KURSACH_mini.elf.dir/Src/usbd_desc.c.obj
                0x2000015c                USBD_LangIDDesc
 .data.USBD_StringSerial
                0x20000160       0x1a CMakeFiles/KURSACH_mini.elf.dir/Src/usbd_desc.c.obj
                0x20000160                USBD_StringSerial
                0x2000017c                . = ALIGN (0x4)
 *fill*         0x2000017a        0x2 
                0x2000017c                _edata = .

.igot.plt       0x2000017c        0x0 load address 0x08006a90
 .igot.plt      0x2000017c        0x0 c:/progra~2/gnutoo~1/82019-~1/bin/../lib/gcc/arm-none-eabi/8.3.1/thumb/v6-m/nofp/crtbegin.o
                0x2000017c                . = ALIGN (0x4)

.bss            0x2000017c      0xa60 load address 0x08006a90
                0x2000017c                _sbss = .
                0x2000017c                __bss_start__ = _sbss
 *(.bss)
 .bss           0x2000017c       0x1c c:/progra~2/gnutoo~1/82019-~1/bin/../lib/gcc/arm-none-eabi/8.3.1/thumb/v6-m/nofp/crtbegin.o
 *(.bss*)
 .bss.uwTick    0x20000198        0x4 CMakeFiles/KURSACH_mini.elf.dir/Drivers/STM32F0xx_HAL_Driver/Src/stm32f0xx_hal.c.obj
                0x20000198                uwTick
 .bss.cfgidx.7819
                0x2000019c        0x1 CMakeFiles/KURSACH_mini.elf.dir/Middlewares/ST/STM32_USB_Device_Library/Core/Src/usbd_ctlreq.c.obj
 *fill*         0x2000019d        0x3 
 .bss.hspi1     0x200001a0       0x64 CMakeFiles/KURSACH_mini.elf.dir/Src/main.c.obj
                0x200001a0                hspi1
 .bss.hUsbDeviceFS
                0x20000204      0x2c4 CMakeFiles/KURSACH_mini.elf.dir/Src/usb_device.c.obj
                0x20000204                hUsbDeviceFS
 .bss.UserRxBufferFS
                0x200004c8       0x40 CMakeFiles/KURSACH_mini.elf.dir/Src/usbd_cdc_if.c.obj
                0x200004c8                UserRxBufferFS
 .bss.UserTxBufferFS
                0x20000508       0x40 CMakeFiles/KURSACH_mini.elf.dir/Src/usbd_cdc_if.c.obj
                0x20000508                UserTxBufferFS
 .bss.hpcd_USB_FS
                0x20000548      0x274 CMakeFiles/KURSACH_mini.elf.dir/Src/usbd_conf.c.obj
                0x20000548                hpcd_USB_FS
 .bss.mem.7888  0x200007bc      0x220 CMakeFiles/KURSACH_mini.elf.dir/Src/usbd_conf.c.obj
 .bss.USBD_StrDesc
                0x200009dc      0x200 CMakeFiles/KURSACH_mini.elf.dir/Src/usbd_desc.c.obj
                0x200009dc                USBD_StrDesc
 *(COMMON)
                0x20000bdc                . = ALIGN (0x4)
                0x20000bdc                _ebss = .
                0x20000bdc                __bss_end__ = _ebss

._user_heap_stack
                0x20000bdc      0x204 load address 0x08006a90
                0x20000be0                . = ALIGN (0x8)
 *fill*         0x20000bdc        0x4 
                0x20000be0                PROVIDE (end = .)
                [!provide]                PROVIDE (_end = .)
                0x20000ce0                . = (. + _Min_Heap_Size)
 *fill*         0x20000be0      0x100 
                0x20000de0                . = (. + _Min_Stack_Size)
 *fill*         0x20000ce0      0x100 
                0x20000de0                . = ALIGN (0x8)

/DISCARD/
 libc.a(*)
 libm.a(*)
 libgcc.a(*)

.ARM.attributes
                0x00000000       0x28
 *(.ARM.attributes)
 .ARM.attributes
                0x00000000       0x1e c:/progra~2/gnutoo~1/82019-~1/bin/../lib/gcc/arm-none-eabi/8.3.1/thumb/v6-m/nofp/crti.o
 .ARM.attributes
                0x0000001e       0x2c c:/progra~2/gnutoo~1/82019-~1/bin/../lib/gcc/arm-none-eabi/8.3.1/thumb/v6-m/nofp/crtbegin.o
 .ARM.attributes
                0x0000004a       0x2c CMakeFiles/KURSACH_mini.elf.dir/Drivers/STM32F0xx_HAL_Driver/Src/stm32f0xx_hal.c.obj
 .ARM.attributes
                0x00000076       0x2c CMakeFiles/KURSACH_mini.elf.dir/Drivers/STM32F0xx_HAL_Driver/Src/stm32f0xx_hal_cortex.c.obj
 .ARM.attributes
                0x000000a2       0x2c CMakeFiles/KURSACH_mini.elf.dir/Drivers/STM32F0xx_HAL_Driver/Src/stm32f0xx_hal_gpio.c.obj
 .ARM.attributes
                0x000000ce       0x2c CMakeFiles/KURSACH_mini.elf.dir/Drivers/STM32F0xx_HAL_Driver/Src/stm32f0xx_hal_pcd.c.obj
 .ARM.attributes
                0x000000fa       0x2c CMakeFiles/KURSACH_mini.elf.dir/Drivers/STM32F0xx_HAL_Driver/Src/stm32f0xx_hal_pcd_ex.c.obj
 .ARM.attributes
                0x00000126       0x2c CMakeFiles/KURSACH_mini.elf.dir/Drivers/STM32F0xx_HAL_Driver/Src/stm32f0xx_hal_rcc.c.obj
 .ARM.attributes
                0x00000152       0x2c CMakeFiles/KURSACH_mini.elf.dir/Drivers/STM32F0xx_HAL_Driver/Src/stm32f0xx_hal_rcc_ex.c.obj
 .ARM.attributes
                0x0000017e       0x2c CMakeFiles/KURSACH_mini.elf.dir/Drivers/STM32F0xx_HAL_Driver/Src/stm32f0xx_hal_spi.c.obj
 .ARM.attributes
                0x000001aa       0x2c CMakeFiles/KURSACH_mini.elf.dir/Drivers/STM32F0xx_HAL_Driver/Src/stm32f0xx_ll_usb.c.obj
 .ARM.attributes
                0x000001d6       0x2c CMakeFiles/KURSACH_mini.elf.dir/Middlewares/ST/STM32_USB_Device_Library/Class/CDC/Src/usbd_cdc.c.obj
 .ARM.attributes
                0x00000202       0x2c CMakeFiles/KURSACH_mini.elf.dir/Middlewares/ST/STM32_USB_Device_Library/Core/Src/usbd_core.c.obj
 .ARM.attributes
                0x0000022e       0x2c CMakeFiles/KURSACH_mini.elf.dir/Middlewares/ST/STM32_USB_Device_Library/Core/Src/usbd_ctlreq.c.obj
 .ARM.attributes
                0x0000025a       0x2c CMakeFiles/KURSACH_mini.elf.dir/Middlewares/ST/STM32_USB_Device_Library/Core/Src/usbd_ioreq.c.obj
 .ARM.attributes
                0x00000286       0x2c CMakeFiles/KURSACH_mini.elf.dir/Src/main.c.obj
 .ARM.attributes
                0x000002b2       0x2c CMakeFiles/KURSACH_mini.elf.dir/Src/stm32f0xx_hal_msp.c.obj
 .ARM.attributes
                0x000002de       0x2c CMakeFiles/KURSACH_mini.elf.dir/Src/stm32f0xx_it.c.obj
 .ARM.attributes
                0x0000030a       0x2c CMakeFiles/KURSACH_mini.elf.dir/Src/system_stm32f0xx.c.obj
 .ARM.attributes
                0x00000336       0x2c CMakeFiles/KURSACH_mini.elf.dir/Src/usb_device.c.obj
 .ARM.attributes
                0x00000362       0x2c CMakeFiles/KURSACH_mini.elf.dir/Src/usbd_cdc_if.c.obj
 .ARM.attributes
                0x0000038e       0x2c CMakeFiles/KURSACH_mini.elf.dir/Src/usbd_conf.c.obj
 .ARM.attributes
                0x000003ba       0x2c CMakeFiles/KURSACH_mini.elf.dir/Src/usbd_desc.c.obj
 .ARM.attributes
                0x000003e6       0x21 CMakeFiles/KURSACH_mini.elf.dir/startup/startup_stm32f070x6.s.obj
 .ARM.attributes
                0x00000407       0x1e c:/progra~2/gnutoo~1/82019-~1/bin/../lib/gcc/arm-none-eabi/8.3.1/thumb/v6-m/nofp\libgcc.a(_udivsi3.o)
 .ARM.attributes
                0x00000425       0x1e c:/progra~2/gnutoo~1/82019-~1/bin/../lib/gcc/arm-none-eabi/8.3.1/thumb/v6-m/nofp\libgcc.a(_dvmd_tls.o)
 .ARM.attributes
                0x00000443       0x2c c:/progra~2/gnutoo~1/82019-~1/bin/../lib/gcc/arm-none-eabi/8.3.1/../../../../arm-none-eabi/lib/thumb/v6-m/nofp\libg_nano.a(lib_a-init.o)
 .ARM.attributes
                0x0000046f       0x2c c:/progra~2/gnutoo~1/82019-~1/bin/../lib/gcc/arm-none-eabi/8.3.1/../../../../arm-none-eabi/lib/thumb/v6-m/nofp\libg_nano.a(lib_a-memset.o)
 .ARM.attributes
                0x0000049b       0x1e c:/progra~2/gnutoo~1/82019-~1/bin/../lib/gcc/arm-none-eabi/8.3.1/thumb/v6-m/nofp/crtn.o
OUTPUT(KURSACH_mini.elf elf32-littlearm)

.debug_info     0x00000000    0x139fb
 .debug_info    0x00000000      0x6bf CMakeFiles/KURSACH_mini.elf.dir/Drivers/STM32F0xx_HAL_Driver/Src/stm32f0xx_hal.c.obj
 .debug_info    0x000006bf      0x7a1 CMakeFiles/KURSACH_mini.elf.dir/Drivers/STM32F0xx_HAL_Driver/Src/stm32f0xx_hal_cortex.c.obj
 .debug_info    0x00000e60      0x6b9 CMakeFiles/KURSACH_mini.elf.dir/Drivers/STM32F0xx_HAL_Driver/Src/stm32f0xx_hal_gpio.c.obj
 .debug_info    0x00001519      0xf2d CMakeFiles/KURSACH_mini.elf.dir/Drivers/STM32F0xx_HAL_Driver/Src/stm32f0xx_hal_pcd.c.obj
 .debug_info    0x00002446      0x8f8 CMakeFiles/KURSACH_mini.elf.dir/Drivers/STM32F0xx_HAL_Driver/Src/stm32f0xx_hal_pcd_ex.c.obj
 .debug_info    0x00002d3e      0x882 CMakeFiles/KURSACH_mini.elf.dir/Drivers/STM32F0xx_HAL_Driver/Src/stm32f0xx_hal_rcc.c.obj
 .debug_info    0x000035c0      0x434 CMakeFiles/KURSACH_mini.elf.dir/Drivers/STM32F0xx_HAL_Driver/Src/stm32f0xx_hal_rcc_ex.c.obj
 .debug_info    0x000039f4     0x1723 CMakeFiles/KURSACH_mini.elf.dir/Drivers/STM32F0xx_HAL_Driver/Src/stm32f0xx_hal_spi.c.obj
 .debug_info    0x00005117     0x160f CMakeFiles/KURSACH_mini.elf.dir/Drivers/STM32F0xx_HAL_Driver/Src/stm32f0xx_ll_usb.c.obj
 .debug_info    0x00006726     0x1933 CMakeFiles/KURSACH_mini.elf.dir/Middlewares/ST/STM32_USB_Device_Library/Class/CDC/Src/usbd_cdc.c.obj
 .debug_info    0x00008059     0x12bd CMakeFiles/KURSACH_mini.elf.dir/Middlewares/ST/STM32_USB_Device_Library/Core/Src/usbd_core.c.obj
 .debug_info    0x00009316     0x122a CMakeFiles/KURSACH_mini.elf.dir/Middlewares/ST/STM32_USB_Device_Library/Core/Src/usbd_ctlreq.c.obj
 .debug_info    0x0000a540      0xffc CMakeFiles/KURSACH_mini.elf.dir/Middlewares/ST/STM32_USB_Device_Library/Core/Src/usbd_ioreq.c.obj
 .debug_info    0x0000b53c     0x25d6 CMakeFiles/KURSACH_mini.elf.dir/Src/main.c.obj
 .debug_info    0x0000db12      0x957 CMakeFiles/KURSACH_mini.elf.dir/Src/stm32f0xx_hal_msp.c.obj
 .debug_info    0x0000e469      0x6c4 CMakeFiles/KURSACH_mini.elf.dir/Src/stm32f0xx_it.c.obj
 .debug_info    0x0000eb2d      0x2b8 CMakeFiles/KURSACH_mini.elf.dir/Src/system_stm32f0xx.c.obj
 .debug_info    0x0000ede5      0xf39 CMakeFiles/KURSACH_mini.elf.dir/Src/usb_device.c.obj
 .debug_info    0x0000fd1e     0x110d CMakeFiles/KURSACH_mini.elf.dir/Src/usbd_cdc_if.c.obj
 .debug_info    0x00010e2b     0x1df8 CMakeFiles/KURSACH_mini.elf.dir/Src/usbd_conf.c.obj
 .debug_info    0x00012c23      0xdb6 CMakeFiles/KURSACH_mini.elf.dir/Src/usbd_desc.c.obj
 .debug_info    0x000139d9       0x22 CMakeFiles/KURSACH_mini.elf.dir/startup/startup_stm32f070x6.s.obj

.debug_abbrev   0x00000000     0x3196
 .debug_abbrev  0x00000000      0x21b CMakeFiles/KURSACH_mini.elf.dir/Drivers/STM32F0xx_HAL_Driver/Src/stm32f0xx_hal.c.obj
 .debug_abbrev  0x0000021b      0x2a6 CMakeFiles/KURSACH_mini.elf.dir/Drivers/STM32F0xx_HAL_Driver/Src/stm32f0xx_hal_cortex.c.obj
 .debug_abbrev  0x000004c1      0x1e5 CMakeFiles/KURSACH_mini.elf.dir/Drivers/STM32F0xx_HAL_Driver/Src/stm32f0xx_hal_gpio.c.obj
 .debug_abbrev  0x000006a6      0x2b2 CMakeFiles/KURSACH_mini.elf.dir/Drivers/STM32F0xx_HAL_Driver/Src/stm32f0xx_hal_pcd.c.obj
 .debug_abbrev  0x00000958      0x216 CMakeFiles/KURSACH_mini.elf.dir/Drivers/STM32F0xx_HAL_Driver/Src/stm32f0xx_hal_pcd_ex.c.obj
 .debug_abbrev  0x00000b6e      0x238 CMakeFiles/KURSACH_mini.elf.dir/Drivers/STM32F0xx_HAL_Driver/Src/stm32f0xx_hal_rcc.c.obj
 .debug_abbrev  0x00000da6      0x190 CMakeFiles/KURSACH_mini.elf.dir/Drivers/STM32F0xx_HAL_Driver/Src/stm32f0xx_hal_rcc_ex.c.obj
 .debug_abbrev  0x00000f36      0x251 CMakeFiles/KURSACH_mini.elf.dir/Drivers/STM32F0xx_HAL_Driver/Src/stm32f0xx_hal_spi.c.obj
 .debug_abbrev  0x00001187      0x268 CMakeFiles/KURSACH_mini.elf.dir/Drivers/STM32F0xx_HAL_Driver/Src/stm32f0xx_ll_usb.c.obj
 .debug_abbrev  0x000013ef      0x2f3 CMakeFiles/KURSACH_mini.elf.dir/Middlewares/ST/STM32_USB_Device_Library/Class/CDC/Src/usbd_cdc.c.obj
 .debug_abbrev  0x000016e2      0x2a5 CMakeFiles/KURSACH_mini.elf.dir/Middlewares/ST/STM32_USB_Device_Library/Core/Src/usbd_core.c.obj
 .debug_abbrev  0x00001987      0x2db CMakeFiles/KURSACH_mini.elf.dir/Middlewares/ST/STM32_USB_Device_Library/Core/Src/usbd_ctlreq.c.obj
 .debug_abbrev  0x00001c62      0x207 CMakeFiles/KURSACH_mini.elf.dir/Middlewares/ST/STM32_USB_Device_Library/Core/Src/usbd_ioreq.c.obj
 .debug_abbrev  0x00001e69      0x433 CMakeFiles/KURSACH_mini.elf.dir/Src/main.c.obj
 .debug_abbrev  0x0000229c      0x1a9 CMakeFiles/KURSACH_mini.elf.dir/Src/stm32f0xx_hal_msp.c.obj
 .debug_abbrev  0x00002445      0x170 CMakeFiles/KURSACH_mini.elf.dir/Src/stm32f0xx_it.c.obj
 .debug_abbrev  0x000025b5      0x142 CMakeFiles/KURSACH_mini.elf.dir/Src/system_stm32f0xx.c.obj
 .debug_abbrev  0x000026f7      0x1e1 CMakeFiles/KURSACH_mini.elf.dir/Src/usb_device.c.obj
 .debug_abbrev  0x000028d8      0x2b3 CMakeFiles/KURSACH_mini.elf.dir/Src/usbd_cdc_if.c.obj
 .debug_abbrev  0x00002b8b      0x332 CMakeFiles/KURSACH_mini.elf.dir/Src/usbd_conf.c.obj
 .debug_abbrev  0x00002ebd      0x2c7 CMakeFiles/KURSACH_mini.elf.dir/Src/usbd_desc.c.obj
 .debug_abbrev  0x00003184       0x12 CMakeFiles/KURSACH_mini.elf.dir/startup/startup_stm32f070x6.s.obj

.debug_aranges  0x00000000      0xd98
 .debug_aranges
                0x00000000       0xd0 CMakeFiles/KURSACH_mini.elf.dir/Drivers/STM32F0xx_HAL_Driver/Src/stm32f0xx_hal.c.obj
 .debug_aranges
                0x000000d0       0xc0 CMakeFiles/KURSACH_mini.elf.dir/Drivers/STM32F0xx_HAL_Driver/Src/stm32f0xx_hal_cortex.c.obj
 .debug_aranges
                0x00000190       0x58 CMakeFiles/KURSACH_mini.elf.dir/Drivers/STM32F0xx_HAL_Driver/Src/stm32f0xx_hal_gpio.c.obj
 .debug_aranges
                0x000001e8      0x120 CMakeFiles/KURSACH_mini.elf.dir/Drivers/STM32F0xx_HAL_Driver/Src/stm32f0xx_hal_pcd.c.obj
 .debug_aranges
                0x00000308       0x58 CMakeFiles/KURSACH_mini.elf.dir/Drivers/STM32F0xx_HAL_Driver/Src/stm32f0xx_hal_pcd_ex.c.obj
 .debug_aranges
                0x00000360       0x80 CMakeFiles/KURSACH_mini.elf.dir/Drivers/STM32F0xx_HAL_Driver/Src/stm32f0xx_hal_rcc.c.obj
 .debug_aranges
                0x000003e0       0x30 CMakeFiles/KURSACH_mini.elf.dir/Drivers/STM32F0xx_HAL_Driver/Src/stm32f0xx_hal_rcc_ex.c.obj
 .debug_aranges
                0x00000410      0x1d8 CMakeFiles/KURSACH_mini.elf.dir/Drivers/STM32F0xx_HAL_Driver/Src/stm32f0xx_hal_spi.c.obj
 .debug_aranges
                0x000005e8      0x108 CMakeFiles/KURSACH_mini.elf.dir/Drivers/STM32F0xx_HAL_Driver/Src/stm32f0xx_ll_usb.c.obj
 .debug_aranges
                0x000006f0       0x90 CMakeFiles/KURSACH_mini.elf.dir/Middlewares/ST/STM32_USB_Device_Library/Class/CDC/Src/usbd_cdc.c.obj
 .debug_aranges
                0x00000780       0xb8 CMakeFiles/KURSACH_mini.elf.dir/Middlewares/ST/STM32_USB_Device_Library/Core/Src/usbd_core.c.obj
 .debug_aranges
                0x00000838       0x88 CMakeFiles/KURSACH_mini.elf.dir/Middlewares/ST/STM32_USB_Device_Library/Core/Src/usbd_ctlreq.c.obj
 .debug_aranges
                0x000008c0       0x50 CMakeFiles/KURSACH_mini.elf.dir/Middlewares/ST/STM32_USB_Device_Library/Core/Src/usbd_ioreq.c.obj
 .debug_aranges
                0x00000910      0x1e8 CMakeFiles/KURSACH_mini.elf.dir/Src/main.c.obj
 .debug_aranges
                0x00000af8       0x30 CMakeFiles/KURSACH_mini.elf.dir/Src/stm32f0xx_hal_msp.c.obj
 .debug_aranges
                0x00000b28       0x48 CMakeFiles/KURSACH_mini.elf.dir/Src/stm32f0xx_it.c.obj
 .debug_aranges
                0x00000b70       0x28 CMakeFiles/KURSACH_mini.elf.dir/Src/system_stm32f0xx.c.obj
 .debug_aranges
                0x00000b98       0x20 CMakeFiles/KURSACH_mini.elf.dir/Src/usb_device.c.obj
 .debug_aranges
                0x00000bb8       0x40 CMakeFiles/KURSACH_mini.elf.dir/Src/usbd_cdc_if.c.obj
 .debug_aranges
                0x00000bf8      0x118 CMakeFiles/KURSACH_mini.elf.dir/Src/usbd_conf.c.obj
 .debug_aranges
                0x00000d10       0x60 CMakeFiles/KURSACH_mini.elf.dir/Src/usbd_desc.c.obj
 .debug_aranges
                0x00000d70       0x28 CMakeFiles/KURSACH_mini.elf.dir/startup/startup_stm32f070x6.s.obj

.debug_ranges   0x00000000      0xc40
 .debug_ranges  0x00000000       0xc0 CMakeFiles/KURSACH_mini.elf.dir/Drivers/STM32F0xx_HAL_Driver/Src/stm32f0xx_hal.c.obj
 .debug_ranges  0x000000c0       0xb0 CMakeFiles/KURSACH_mini.elf.dir/Drivers/STM32F0xx_HAL_Driver/Src/stm32f0xx_hal_cortex.c.obj
 .debug_ranges  0x00000170       0x48 CMakeFiles/KURSACH_mini.elf.dir/Drivers/STM32F0xx_HAL_Driver/Src/stm32f0xx_hal_gpio.c.obj
 .debug_ranges  0x000001b8      0x110 CMakeFiles/KURSACH_mini.elf.dir/Drivers/STM32F0xx_HAL_Driver/Src/stm32f0xx_hal_pcd.c.obj
 .debug_ranges  0x000002c8       0x48 CMakeFiles/KURSACH_mini.elf.dir/Drivers/STM32F0xx_HAL_Driver/Src/stm32f0xx_hal_pcd_ex.c.obj
 .debug_ranges  0x00000310       0x70 CMakeFiles/KURSACH_mini.elf.dir/Drivers/STM32F0xx_HAL_Driver/Src/stm32f0xx_hal_rcc.c.obj
 .debug_ranges  0x00000380       0x20 CMakeFiles/KURSACH_mini.elf.dir/Drivers/STM32F0xx_HAL_Driver/Src/stm32f0xx_hal_rcc_ex.c.obj
 .debug_ranges  0x000003a0      0x1c8 CMakeFiles/KURSACH_mini.elf.dir/Drivers/STM32F0xx_HAL_Driver/Src/stm32f0xx_hal_spi.c.obj
 .debug_ranges  0x00000568       0xf8 CMakeFiles/KURSACH_mini.elf.dir/Drivers/STM32F0xx_HAL_Driver/Src/stm32f0xx_ll_usb.c.obj
 .debug_ranges  0x00000660       0x80 CMakeFiles/KURSACH_mini.elf.dir/Middlewares/ST/STM32_USB_Device_Library/Class/CDC/Src/usbd_cdc.c.obj
 .debug_ranges  0x000006e0       0xa8 CMakeFiles/KURSACH_mini.elf.dir/Middlewares/ST/STM32_USB_Device_Library/Core/Src/usbd_core.c.obj
 .debug_ranges  0x00000788       0x78 CMakeFiles/KURSACH_mini.elf.dir/Middlewares/ST/STM32_USB_Device_Library/Core/Src/usbd_ctlreq.c.obj
 .debug_ranges  0x00000800       0x40 CMakeFiles/KURSACH_mini.elf.dir/Middlewares/ST/STM32_USB_Device_Library/Core/Src/usbd_ioreq.c.obj
 .debug_ranges  0x00000840      0x1d8 CMakeFiles/KURSACH_mini.elf.dir/Src/main.c.obj
 .debug_ranges  0x00000a18       0x20 CMakeFiles/KURSACH_mini.elf.dir/Src/stm32f0xx_hal_msp.c.obj
 .debug_ranges  0x00000a38       0x38 CMakeFiles/KURSACH_mini.elf.dir/Src/stm32f0xx_it.c.obj
 .debug_ranges  0x00000a70       0x18 CMakeFiles/KURSACH_mini.elf.dir/Src/system_stm32f0xx.c.obj
 .debug_ranges  0x00000a88       0x10 CMakeFiles/KURSACH_mini.elf.dir/Src/usb_device.c.obj
 .debug_ranges  0x00000a98       0x30 CMakeFiles/KURSACH_mini.elf.dir/Src/usbd_cdc_if.c.obj
 .debug_ranges  0x00000ac8      0x108 CMakeFiles/KURSACH_mini.elf.dir/Src/usbd_conf.c.obj
 .debug_ranges  0x00000bd0       0x50 CMakeFiles/KURSACH_mini.elf.dir/Src/usbd_desc.c.obj
 .debug_ranges  0x00000c20       0x20 CMakeFiles/KURSACH_mini.elf.dir/startup/startup_stm32f070x6.s.obj

.debug_line     0x00000000     0x94b8
 .debug_line    0x00000000      0x4c7 CMakeFiles/KURSACH_mini.elf.dir/Drivers/STM32F0xx_HAL_Driver/Src/stm32f0xx_hal.c.obj
 .debug_line    0x000004c7      0x55f CMakeFiles/KURSACH_mini.elf.dir/Drivers/STM32F0xx_HAL_Driver/Src/stm32f0xx_hal_cortex.c.obj
 .debug_line    0x00000a26      0x622 CMakeFiles/KURSACH_mini.elf.dir/Drivers/STM32F0xx_HAL_Driver/Src/stm32f0xx_hal_gpio.c.obj
 .debug_line    0x00001048      0xb4a CMakeFiles/KURSACH_mini.elf.dir/Drivers/STM32F0xx_HAL_Driver/Src/stm32f0xx_hal_pcd.c.obj
 .debug_line    0x00001b92      0x3a4 CMakeFiles/KURSACH_mini.elf.dir/Drivers/STM32F0xx_HAL_Driver/Src/stm32f0xx_hal_pcd_ex.c.obj
 .debug_line    0x00001f36      0x8ac CMakeFiles/KURSACH_mini.elf.dir/Drivers/STM32F0xx_HAL_Driver/Src/stm32f0xx_hal_rcc.c.obj
 .debug_line    0x000027e2      0x474 CMakeFiles/KURSACH_mini.elf.dir/Drivers/STM32F0xx_HAL_Driver/Src/stm32f0xx_hal_rcc_ex.c.obj
 .debug_line    0x00002c56     0x19fe CMakeFiles/KURSACH_mini.elf.dir/Drivers/STM32F0xx_HAL_Driver/Src/stm32f0xx_hal_spi.c.obj
 .debug_line    0x00004654      0x90b CMakeFiles/KURSACH_mini.elf.dir/Drivers/STM32F0xx_HAL_Driver/Src/stm32f0xx_ll_usb.c.obj
 .debug_line    0x00004f5f      0x71d CMakeFiles/KURSACH_mini.elf.dir/Middlewares/ST/STM32_USB_Device_Library/Class/CDC/Src/usbd_cdc.c.obj
 .debug_line    0x0000567c      0x725 CMakeFiles/KURSACH_mini.elf.dir/Middlewares/ST/STM32_USB_Device_Library/Core/Src/usbd_core.c.obj
 .debug_line    0x00005da1      0x941 CMakeFiles/KURSACH_mini.elf.dir/Middlewares/ST/STM32_USB_Device_Library/Core/Src/usbd_ctlreq.c.obj
 .debug_line    0x000066e2      0x3bb CMakeFiles/KURSACH_mini.elf.dir/Middlewares/ST/STM32_USB_Device_Library/Core/Src/usbd_ioreq.c.obj
 .debug_line    0x00006a9d      0xd9f CMakeFiles/KURSACH_mini.elf.dir/Src/main.c.obj
 .debug_line    0x0000783c      0x288 CMakeFiles/KURSACH_mini.elf.dir/Src/stm32f0xx_hal_msp.c.obj
 .debug_line    0x00007ac4      0x285 CMakeFiles/KURSACH_mini.elf.dir/Src/stm32f0xx_it.c.obj
 .debug_line    0x00007d49      0x25b CMakeFiles/KURSACH_mini.elf.dir/Src/system_stm32f0xx.c.obj
 .debug_line    0x00007fa4      0x3ad CMakeFiles/KURSACH_mini.elf.dir/Src/usb_device.c.obj
 .debug_line    0x00008351      0x403 CMakeFiles/KURSACH_mini.elf.dir/Src/usbd_cdc_if.c.obj
 .debug_line    0x00008754      0x84a CMakeFiles/KURSACH_mini.elf.dir/Src/usbd_conf.c.obj
 .debug_line    0x00008f9e      0x463 CMakeFiles/KURSACH_mini.elf.dir/Src/usbd_desc.c.obj
 .debug_line    0x00009401       0xb7 CMakeFiles/KURSACH_mini.elf.dir/startup/startup_stm32f070x6.s.obj

.debug_str      0x00000000     0x3def
 .debug_str     0x00000000      0x670 CMakeFiles/KURSACH_mini.elf.dir/Drivers/STM32F0xx_HAL_Driver/Src/stm32f0xx_hal.c.obj
                                0x6d1 (size before relaxing)
 .debug_str     0x00000670      0x2e0 CMakeFiles/KURSACH_mini.elf.dir/Drivers/STM32F0xx_HAL_Driver/Src/stm32f0xx_hal_cortex.c.obj
                                0x6e3 (size before relaxing)
 .debug_str     0x00000950      0x1e9 CMakeFiles/KURSACH_mini.elf.dir/Drivers/STM32F0xx_HAL_Driver/Src/stm32f0xx_hal_gpio.c.obj
                                0x512 (size before relaxing)
 .debug_str     0x00000b39      0x6bf CMakeFiles/KURSACH_mini.elf.dir/Drivers/STM32F0xx_HAL_Driver/Src/stm32f0xx_hal_pcd.c.obj
                                0x9dc (size before relaxing)
 .debug_str     0x000011f8      0x1e9 CMakeFiles/KURSACH_mini.elf.dir/Drivers/STM32F0xx_HAL_Driver/Src/stm32f0xx_hal_pcd_ex.c.obj
                                0x853 (size before relaxing)
 .debug_str     0x000013e1      0x339 CMakeFiles/KURSACH_mini.elf.dir/Drivers/STM32F0xx_HAL_Driver/Src/stm32f0xx_hal_rcc.c.obj
                                0x6f5 (size before relaxing)
 .debug_str     0x0000171a      0x17b CMakeFiles/KURSACH_mini.elf.dir/Drivers/STM32F0xx_HAL_Driver/Src/stm32f0xx_hal_rcc_ex.c.obj
                                0x4b0 (size before relaxing)
 .debug_str     0x00001895      0x8c2 CMakeFiles/KURSACH_mini.elf.dir/Drivers/STM32F0xx_HAL_Driver/Src/stm32f0xx_hal_spi.c.obj
                                0xc5d (size before relaxing)
 .debug_str     0x00002157      0x342 CMakeFiles/KURSACH_mini.elf.dir/Drivers/STM32F0xx_HAL_Driver/Src/stm32f0xx_ll_usb.c.obj
                                0x839 (size before relaxing)
 .debug_str     0x00002499      0x9af CMakeFiles/KURSACH_mini.elf.dir/Middlewares/ST/STM32_USB_Device_Library/Class/CDC/Src/usbd_cdc.c.obj
                               0x10a1 (size before relaxing)
 .debug_str     0x00002e48      0x1e4 CMakeFiles/KURSACH_mini.elf.dir/Middlewares/ST/STM32_USB_Device_Library/Core/Src/usbd_core.c.obj
                                0xc4f (size before relaxing)
 .debug_str     0x0000302c      0x157 CMakeFiles/KURSACH_mini.elf.dir/Middlewares/ST/STM32_USB_Device_Library/Core/Src/usbd_ctlreq.c.obj
                                0xbd5 (size before relaxing)
 .debug_str     0x00003183       0xec CMakeFiles/KURSACH_mini.elf.dir/Middlewares/ST/STM32_USB_Device_Library/Core/Src/usbd_ioreq.c.obj
                                0xb5d (size before relaxing)
 .debug_str     0x0000326f      0x5bb CMakeFiles/KURSACH_mini.elf.dir/Src/main.c.obj
                               0x1727 (size before relaxing)
 .debug_str     0x0000382a       0x3e CMakeFiles/KURSACH_mini.elf.dir/Src/stm32f0xx_hal_msp.c.obj
                                0x7a2 (size before relaxing)
 .debug_str     0x00003868       0x9d CMakeFiles/KURSACH_mini.elf.dir/Src/stm32f0xx_it.c.obj
                                0x694 (size before relaxing)
 .debug_str     0x00003905       0x5e CMakeFiles/KURSACH_mini.elf.dir/Src/system_stm32f0xx.c.obj
                                0x33e (size before relaxing)
 .debug_str     0x00003963       0x5f CMakeFiles/KURSACH_mini.elf.dir/Src/usb_device.c.obj
                                0xb0d (size before relaxing)
 .debug_str     0x000039c2       0x9e CMakeFiles/KURSACH_mini.elf.dir/Src/usbd_cdc_if.c.obj
                                0xbd5 (size before relaxing)
 .debug_str     0x00003a60      0x1b5 CMakeFiles/KURSACH_mini.elf.dir/Src/usbd_conf.c.obj
                               0x1319 (size before relaxing)
 .debug_str     0x00003c15      0x188 CMakeFiles/KURSACH_mini.elf.dir/Src/usbd_desc.c.obj
                                0x95a (size before relaxing)
 .debug_str     0x00003d9d       0x52 CMakeFiles/KURSACH_mini.elf.dir/startup/startup_stm32f070x6.s.obj
                                 0x8a (size before relaxing)

.comment        0x00000000       0x76
 .comment       0x00000000       0x76 CMakeFiles/KURSACH_mini.elf.dir/Drivers/STM32F0xx_HAL_Driver/Src/stm32f0xx_hal.c.obj
                                 0x77 (size before relaxing)
 .comment       0x00000076       0x77 CMakeFiles/KURSACH_mini.elf.dir/Drivers/STM32F0xx_HAL_Driver/Src/stm32f0xx_hal_cortex.c.obj
 .comment       0x00000076       0x77 CMakeFiles/KURSACH_mini.elf.dir/Drivers/STM32F0xx_HAL_Driver/Src/stm32f0xx_hal_gpio.c.obj
 .comment       0x00000076       0x77 CMakeFiles/KURSACH_mini.elf.dir/Drivers/STM32F0xx_HAL_Driver/Src/stm32f0xx_hal_pcd.c.obj
 .comment       0x00000076       0x77 CMakeFiles/KURSACH_mini.elf.dir/Drivers/STM32F0xx_HAL_Driver/Src/stm32f0xx_hal_pcd_ex.c.obj
 .comment       0x00000076       0x77 CMakeFiles/KURSACH_mini.elf.dir/Drivers/STM32F0xx_HAL_Driver/Src/stm32f0xx_hal_rcc.c.obj
 .comment       0x00000076       0x77 CMakeFiles/KURSACH_mini.elf.dir/Drivers/STM32F0xx_HAL_Driver/Src/stm32f0xx_hal_rcc_ex.c.obj
 .comment       0x00000076       0x77 CMakeFiles/KURSACH_mini.elf.dir/Drivers/STM32F0xx_HAL_Driver/Src/stm32f0xx_hal_spi.c.obj
 .comment       0x00000076       0x77 CMakeFiles/KURSACH_mini.elf.dir/Drivers/STM32F0xx_HAL_Driver/Src/stm32f0xx_ll_usb.c.obj
 .comment       0x00000076       0x77 CMakeFiles/KURSACH_mini.elf.dir/Middlewares/ST/STM32_USB_Device_Library/Class/CDC/Src/usbd_cdc.c.obj
 .comment       0x00000076       0x77 CMakeFiles/KURSACH_mini.elf.dir/Middlewares/ST/STM32_USB_Device_Library/Core/Src/usbd_core.c.obj
 .comment       0x00000076       0x77 CMakeFiles/KURSACH_mini.elf.dir/Middlewares/ST/STM32_USB_Device_Library/Core/Src/usbd_ctlreq.c.obj
 .comment       0x00000076       0x77 CMakeFiles/KURSACH_mini.elf.dir/Middlewares/ST/STM32_USB_Device_Library/Core/Src/usbd_ioreq.c.obj
 .comment       0x00000076       0x77 CMakeFiles/KURSACH_mini.elf.dir/Src/main.c.obj
 .comment       0x00000076       0x77 CMakeFiles/KURSACH_mini.elf.dir/Src/stm32f0xx_hal_msp.c.obj
 .comment       0x00000076       0x77 CMakeFiles/KURSACH_mini.elf.dir/Src/stm32f0xx_it.c.obj
 .comment       0x00000076       0x77 CMakeFiles/KURSACH_mini.elf.dir/Src/system_stm32f0xx.c.obj
 .comment       0x00000076       0x77 CMakeFiles/KURSACH_mini.elf.dir/Src/usb_device.c.obj
 .comment       0x00000076       0x77 CMakeFiles/KURSACH_mini.elf.dir/Src/usbd_cdc_if.c.obj
 .comment       0x00000076       0x77 CMakeFiles/KURSACH_mini.elf.dir/Src/usbd_conf.c.obj
 .comment       0x00000076       0x77 CMakeFiles/KURSACH_mini.elf.dir/Src/usbd_desc.c.obj

.debug_frame    0x00000000     0x2f1c
 .debug_frame   0x00000000      0x2a4 CMakeFiles/KURSACH_mini.elf.dir/Drivers/STM32F0xx_HAL_Driver/Src/stm32f0xx_hal.c.obj
 .debug_frame   0x000002a4      0x2a0 CMakeFiles/KURSACH_mini.elf.dir/Drivers/STM32F0xx_HAL_Driver/Src/stm32f0xx_hal_cortex.c.obj
 .debug_frame   0x00000544      0x110 CMakeFiles/KURSACH_mini.elf.dir/Drivers/STM32F0xx_HAL_Driver/Src/stm32f0xx_hal_gpio.c.obj
 .debug_frame   0x00000654      0x434 CMakeFiles/KURSACH_mini.elf.dir/Drivers/STM32F0xx_HAL_Driver/Src/stm32f0xx_hal_pcd.c.obj
 .debug_frame   0x00000a88      0x110 CMakeFiles/KURSACH_mini.elf.dir/Drivers/STM32F0xx_HAL_Driver/Src/stm32f0xx_hal_pcd_ex.c.obj
 .debug_frame   0x00000b98      0x198 CMakeFiles/KURSACH_mini.elf.dir/Drivers/STM32F0xx_HAL_Driver/Src/stm32f0xx_hal_rcc.c.obj
 .debug_frame   0x00000d30       0x70 CMakeFiles/KURSACH_mini.elf.dir/Drivers/STM32F0xx_HAL_Driver/Src/stm32f0xx_hal_rcc_ex.c.obj
 .debug_frame   0x00000da0      0x710 CMakeFiles/KURSACH_mini.elf.dir/Drivers/STM32F0xx_HAL_Driver/Src/stm32f0xx_hal_spi.c.obj
 .debug_frame   0x000014b0      0x3e0 CMakeFiles/KURSACH_mini.elf.dir/Drivers/STM32F0xx_HAL_Driver/Src/stm32f0xx_ll_usb.c.obj
 .debug_frame   0x00001890      0x1f0 CMakeFiles/KURSACH_mini.elf.dir/Middlewares/ST/STM32_USB_Device_Library/Class/CDC/Src/usbd_cdc.c.obj
 .debug_frame   0x00001a80      0x290 CMakeFiles/KURSACH_mini.elf.dir/Middlewares/ST/STM32_USB_Device_Library/Core/Src/usbd_core.c.obj
 .debug_frame   0x00001d10      0x1d8 CMakeFiles/KURSACH_mini.elf.dir/Middlewares/ST/STM32_USB_Device_Library/Core/Src/usbd_ctlreq.c.obj
 .debug_frame   0x00001ee8       0xf0 CMakeFiles/KURSACH_mini.elf.dir/Middlewares/ST/STM32_USB_Device_Library/Core/Src/usbd_ioreq.c.obj
 .debug_frame   0x00001fd8      0x724 CMakeFiles/KURSACH_mini.elf.dir/Src/main.c.obj
 .debug_frame   0x000026fc       0x70 CMakeFiles/KURSACH_mini.elf.dir/Src/stm32f0xx_hal_msp.c.obj
 .debug_frame   0x0000276c       0xb8 CMakeFiles/KURSACH_mini.elf.dir/Src/stm32f0xx_it.c.obj
 .debug_frame   0x00002824       0x4c CMakeFiles/KURSACH_mini.elf.dir/Src/system_stm32f0xx.c.obj
 .debug_frame   0x00002870       0x2c CMakeFiles/KURSACH_mini.elf.dir/Src/usb_device.c.obj
 .debug_frame   0x0000289c       0xac CMakeFiles/KURSACH_mini.elf.dir/Src/usbd_cdc_if.c.obj
 .debug_frame   0x00002948      0x438 CMakeFiles/KURSACH_mini.elf.dir/Src/usbd_conf.c.obj
 .debug_frame   0x00002d80      0x130 CMakeFiles/KURSACH_mini.elf.dir/Src/usbd_desc.c.obj
 .debug_frame   0x00002eb0       0x20 c:/progra~2/gnutoo~1/82019-~1/bin/../lib/gcc/arm-none-eabi/8.3.1/thumb/v6-m/nofp\libgcc.a(_udivsi3.o)
 .debug_frame   0x00002ed0       0x2c c:/progra~2/gnutoo~1/82019-~1/bin/../lib/gcc/arm-none-eabi/8.3.1/../../../../arm-none-eabi/lib/thumb/v6-m/nofp\libg_nano.a(lib_a-init.o)
 .debug_frame   0x00002efc       0x20 c:/progra~2/gnutoo~1/82019-~1/bin/../lib/gcc/arm-none-eabi/8.3.1/../../../../arm-none-eabi/lib/thumb/v6-m/nofp\libg_nano.a(lib_a-memset.o)
